[2023-07-03 19:37:16.441] [info] Loaded model subject1_withMTJ_locked_scaled_custom from file C:\Users\u0150099\Documents\master_thesis\3dpredictsim\OpenSimModel\subject1\Foot_Fal_s1_mtjcf3_sc_cspx10_cg9_o1x10.osim
[2023-07-03 19:37:16.441] [warning] Couldn't find file 'tibia_r.vtp'.
[2023-07-03 19:37:16.441] [warning] Couldn't find file 'fibula_r.vtp'.
[2023-07-03 19:37:16.441] [warning] Couldn't find file 'model_r_talus.stl'.
[2023-07-03 19:37:16.441] [warning] Couldn't find file 'calcaneous_rv.vtp'.
[2023-07-03 19:37:16.441] [warning] Couldn't find file 'model_r_midfoot.stl'.
[2023-07-03 19:37:16.441] [warning] Couldn't find file 'model_r_forefoot.stl'.
[2023-07-03 19:37:16.441] [warning] Couldn't find file 'model_r_toes.stl'.
[2023-07-03 19:37:18.271] [info] Loaded model subject1_withMTJ_locked_scaled_custom from file C:\Users\u0150099\Documents\master_thesis\3dpredictsim\OpenSimModel\subject1\Foot_Fal_s1_mtjcf3_sc_cspx10_cg9_o1x10.osim
[2023-07-03 19:37:18.271] [warning] Couldn't find file 'tibia_r.vtp'.
[2023-07-03 19:37:18.271] [warning] Couldn't find file 'fibula_r.vtp'.
[2023-07-03 19:37:18.271] [warning] Couldn't find file 'model_r_talus.stl'.
[2023-07-03 19:37:18.271] [warning] Couldn't find file 'calcaneous_rv.vtp'.
[2023-07-03 19:37:18.272] [warning] Couldn't find file 'model_r_midfoot.stl'.
[2023-07-03 19:37:18.272] [warning] Couldn't find file 'model_r_forefoot.stl'.
[2023-07-03 19:37:18.272] [warning] Couldn't find file 'model_r_toes.stl'.
[2023-07-03 19:37:19.801] [info] Loaded model subject1_withMTJ_locked_scaled_custom from file C:\Users\u0150099\Documents\master_thesis\3dpredictsim\OpenSimModel\subject1\Foot_Fal_s1_mtjcf3_sc_cspx10_cg9_o1x10.osim
[2023-07-03 19:37:19.802] [warning] Couldn't find file 'tibia_r.vtp'.
[2023-07-03 19:37:19.802] [warning] Couldn't find file 'fibula_r.vtp'.
[2023-07-03 19:37:19.802] [warning] Couldn't find file 'model_r_talus.stl'.
[2023-07-03 19:37:19.802] [warning] Couldn't find file 'calcaneous_rv.vtp'.
[2023-07-03 19:37:19.802] [warning] Couldn't find file 'model_r_midfoot.stl'.
[2023-07-03 19:37:19.802] [warning] Couldn't find file 'model_r_forefoot.stl'.
[2023-07-03 19:37:19.802] [warning] Couldn't find file 'model_r_toes.stl'.
[2023-07-03 19:37:21.458] [info] Loaded model subject1_withMTJ_locked_scaled_custom from file C:\Users\u0150099\Documents\master_thesis\3dpredictsim\OpenSimModel\subject1\Foot_Fal_s1_mtjcf3_sc_cspx10_cg9_o1x10.osim
[2023-07-03 19:37:21.459] [warning] Couldn't find file 'tibia_r.vtp'.
[2023-07-03 19:37:21.459] [warning] Couldn't find file 'fibula_r.vtp'.
[2023-07-03 19:37:21.459] [warning] Couldn't find file 'model_r_talus.stl'.
[2023-07-03 19:37:21.459] [warning] Couldn't find file 'calcaneous_rv.vtp'.
[2023-07-03 19:37:21.459] [warning] Couldn't find file 'model_r_midfoot.stl'.
[2023-07-03 19:37:21.459] [warning] Couldn't find file 'model_r_forefoot.stl'.
[2023-07-03 19:37:21.459] [warning] Couldn't find file 'model_r_toes.stl'.
[2023-07-03 19:37:23.125] [info] Loaded model subject1_withMTJ_locked_scaled_custom from file C:\Users\u0150099\Documents\master_thesis\3dpredictsim\OpenSimModel\subject1\Foot_Fal_s1_mtjcf3_sc_cspx10_cg9_o1x10.osim
[2023-07-03 19:37:23.126] [warning] Couldn't find file 'tibia_r.vtp'.
[2023-07-03 19:37:23.126] [warning] Couldn't find file 'fibula_r.vtp'.
[2023-07-03 19:37:23.126] [warning] Couldn't find file 'model_r_talus.stl'.
[2023-07-03 19:37:23.126] [warning] Couldn't find file 'calcaneous_rv.vtp'.
[2023-07-03 19:37:23.126] [warning] Couldn't find file 'model_r_midfoot.stl'.
[2023-07-03 19:37:23.126] [warning] Couldn't find file 'model_r_forefoot.stl'.
[2023-07-03 19:37:23.126] [warning] Couldn't find file 'model_r_toes.stl'.
[2023-07-03 19:37:24.290] [info] Loaded model subject1_withMTJ_locked_scaled_custom from file C:\Users\u0150099\Documents\master_thesis\3dpredictsim\OpenSimModel\subject1\Foot_Fal_s1_mtjcf3_sc_cspx10_cg9_o1x10.osim
[2023-07-03 19:37:24.290] [warning] Couldn't find file 'tibia_r.vtp'.
[2023-07-03 19:37:24.290] [warning] Couldn't find file 'fibula_r.vtp'.
[2023-07-03 19:37:24.291] [warning] Couldn't find file 'model_r_talus.stl'.
[2023-07-03 19:37:24.291] [warning] Couldn't find file 'calcaneous_rv.vtp'.
[2023-07-03 19:37:24.291] [warning] Couldn't find file 'model_r_midfoot.stl'.
[2023-07-03 19:37:24.291] [warning] Couldn't find file 'model_r_forefoot.stl'.
[2023-07-03 19:37:24.291] [warning] Couldn't find file 'model_r_toes.stl'.
[2023-07-03 19:37:25.160] [info] Loaded model subject1_withMTJ_locked_scaled_custom from file C:\Users\u0150099\Documents\master_thesis\3dpredictsim\OpenSimModel\subject1\Foot_Fal_s1_mtjcf3_sc_cspx10_cg9_o1x10.osim
[2023-07-03 19:37:25.160] [warning] Couldn't find file 'tibia_r.vtp'.
[2023-07-03 19:37:25.160] [warning] Couldn't find file 'fibula_r.vtp'.
[2023-07-03 19:37:25.160] [warning] Couldn't find file 'model_r_talus.stl'.
[2023-07-03 19:37:25.160] [warning] Couldn't find file 'calcaneous_rv.vtp'.
[2023-07-03 19:37:25.160] [warning] Couldn't find file 'model_r_midfoot.stl'.
[2023-07-03 19:37:25.160] [warning] Couldn't find file 'model_r_forefoot.stl'.
[2023-07-03 19:37:25.161] [warning] Couldn't find file 'model_r_toes.stl'.
[2023-07-03 19:37:27.448] [info] Loaded model subject1_withMTJ_locked_scaled_custom from file C:\Users\u0150099\Documents\master_thesis\3dpredictsim\OpenSimModel\subject1\Foot_Fal_s1_mtjcf3_sc_cspx10_cg9_o1x10.osim
[2023-07-03 19:37:27.448] [warning] Couldn't find file 'tibia_r.vtp'.
[2023-07-03 19:37:27.448] [warning] Couldn't find file 'fibula_r.vtp'.
[2023-07-03 19:37:27.448] [warning] Couldn't find file 'model_r_talus.stl'.
[2023-07-03 19:37:27.448] [warning] Couldn't find file 'calcaneous_rv.vtp'.
[2023-07-03 19:37:27.448] [warning] Couldn't find file 'model_r_midfoot.stl'.
[2023-07-03 19:37:27.448] [warning] Couldn't find file 'model_r_forefoot.stl'.
[2023-07-03 19:37:27.449] [warning] Couldn't find file 'model_r_toes.stl'.
[2023-07-03 19:37:31.199] [info] Loaded model subject1_withMTJ_locked_scaled_custom from file C:\Users\u0150099\Documents\master_thesis\3dpredictsim\OpenSimModel\subject1\Foot_Fal_s1_mtjcf3_sc_cspx10_cg9_o1x10.osim
[2023-07-03 19:37:31.199] [warning] Couldn't find file 'tibia_r.vtp'.
[2023-07-03 19:37:31.199] [warning] Couldn't find file 'fibula_r.vtp'.
[2023-07-03 19:37:31.199] [warning] Couldn't find file 'model_r_talus.stl'.
[2023-07-03 19:37:31.199] [warning] Couldn't find file 'calcaneous_rv.vtp'.
[2023-07-03 19:37:31.199] [warning] Couldn't find file 'model_r_midfoot.stl'.
[2023-07-03 19:37:31.200] [warning] Couldn't find file 'model_r_forefoot.stl'.
[2023-07-03 19:37:31.200] [warning] Couldn't find file 'model_r_toes.stl'.
[2023-07-03 19:37:35.241] [info] Loaded model subject1_withMTJ_locked_scaled_custom from file C:\Users\u0150099\Documents\master_thesis\3dpredictsim\OpenSimModel\subject1\Foot_Fal_s1_mtjcf3_sc_cspx10_cg9_o1x10.osim
[2023-07-03 19:37:35.241] [warning] Couldn't find file 'tibia_r.vtp'.
[2023-07-03 19:37:35.241] [warning] Couldn't find file 'fibula_r.vtp'.
[2023-07-03 19:37:35.241] [warning] Couldn't find file 'model_r_talus.stl'.
[2023-07-03 19:37:35.241] [warning] Couldn't find file 'calcaneous_rv.vtp'.
[2023-07-03 19:37:35.241] [warning] Couldn't find file 'model_r_midfoot.stl'.
[2023-07-03 19:37:35.241] [warning] Couldn't find file 'model_r_forefoot.stl'.
[2023-07-03 19:37:35.241] [warning] Couldn't find file 'model_r_toes.stl'.
[2023-07-04 10:03:56.478] [info] Loaded model subject1_withMTJ_locked_scaled_custom from file C:\Users\u0150099\Documents\master_thesis\3dpredictsim\OpenSimModel\subject1\Foot_Fal_s1_mtjcf3_sc_cspx10_cg9_o1x10.osim
[2023-07-04 10:03:56.478] [warning] Couldn't find file 'tibia_r.vtp'.
[2023-07-04 10:03:56.478] [warning] Couldn't find file 'fibula_r.vtp'.
[2023-07-04 10:03:56.478] [warning] Couldn't find file 'model_r_talus.stl'.
[2023-07-04 10:03:56.478] [warning] Couldn't find file 'calcaneous_rv.vtp'.
[2023-07-04 10:03:56.478] [warning] Couldn't find file 'model_r_midfoot.stl'.
[2023-07-04 10:03:56.478] [warning] Couldn't find file 'model_r_forefoot.stl'.
[2023-07-04 10:03:56.478] [warning] Couldn't find file 'model_r_toes.stl'.
[2023-07-04 10:03:58.300] [info] Loaded model subject1_withMTJ_locked_scaled_custom from file C:\Users\u0150099\Documents\master_thesis\3dpredictsim\OpenSimModel\subject1\Foot_Fal_s1_mtjcf3_sc_cspx10_cg9_o1x10.osim
[2023-07-04 10:03:58.300] [warning] Couldn't find file 'tibia_r.vtp'.
[2023-07-04 10:03:58.300] [warning] Couldn't find file 'fibula_r.vtp'.
[2023-07-04 10:03:58.300] [warning] Couldn't find file 'model_r_talus.stl'.
[2023-07-04 10:03:58.300] [warning] Couldn't find file 'calcaneous_rv.vtp'.
[2023-07-04 10:03:58.300] [warning] Couldn't find file 'model_r_midfoot.stl'.
[2023-07-04 10:03:58.300] [warning] Couldn't find file 'model_r_forefoot.stl'.
[2023-07-04 10:03:58.300] [warning] Couldn't find file 'model_r_toes.stl'.
[2023-07-04 10:04:00.379] [info] Loaded model subject1_withMTJ_locked_scaled_custom from file C:\Users\u0150099\Documents\master_thesis\3dpredictsim\OpenSimModel\subject1\Foot_Fal_s1_mtjcf3_sc_cspx10_cg9_o1x10.osim
[2023-07-04 10:04:00.379] [warning] Couldn't find file 'tibia_r.vtp'.
[2023-07-04 10:04:00.380] [warning] Couldn't find file 'fibula_r.vtp'.
[2023-07-04 10:04:00.380] [warning] Couldn't find file 'model_r_talus.stl'.
[2023-07-04 10:04:00.380] [warning] Couldn't find file 'calcaneous_rv.vtp'.
[2023-07-04 10:04:00.380] [warning] Couldn't find file 'model_r_midfoot.stl'.
[2023-07-04 10:04:00.380] [warning] Couldn't find file 'model_r_forefoot.stl'.
[2023-07-04 10:04:00.380] [warning] Couldn't find file 'model_r_toes.stl'.
[2023-07-04 10:04:02.169] [info] Loaded model subject1_withMTJ_locked_scaled_custom from file C:\Users\u0150099\Documents\master_thesis\3dpredictsim\OpenSimModel\subject1\Foot_Fal_s1_mtjcf3_sc_cspx10_cg9_o1x10.osim
[2023-07-04 10:04:02.169] [warning] Couldn't find file 'tibia_r.vtp'.
[2023-07-04 10:04:02.169] [warning] Couldn't find file 'fibula_r.vtp'.
[2023-07-04 10:04:02.169] [warning] Couldn't find file 'model_r_talus.stl'.
[2023-07-04 10:04:02.169] [warning] Couldn't find file 'calcaneous_rv.vtp'.
[2023-07-04 10:04:02.169] [warning] Couldn't find file 'model_r_midfoot.stl'.
[2023-07-04 10:04:02.169] [warning] Couldn't find file 'model_r_forefoot.stl'.
[2023-07-04 10:04:02.169] [warning] Couldn't find file 'model_r_toes.stl'.
[2023-07-04 10:04:03.618] [info] Loaded model subject1_withMTJ_locked_scaled_custom from file C:\Users\u0150099\Documents\master_thesis\3dpredictsim\OpenSimModel\subject1\Foot_Fal_s1_mtjcf3_sc_cspx10_cg9_o1x10.osim
[2023-07-04 10:04:03.618] [warning] Couldn't find file 'tibia_r.vtp'.
[2023-07-04 10:04:03.618] [warning] Couldn't find file 'fibula_r.vtp'.
[2023-07-04 10:04:03.618] [warning] Couldn't find file 'model_r_talus.stl'.
[2023-07-04 10:04:03.618] [warning] Couldn't find file 'calcaneous_rv.vtp'.
[2023-07-04 10:04:03.618] [warning] Couldn't find file 'model_r_midfoot.stl'.
[2023-07-04 10:04:03.618] [warning] Couldn't find file 'model_r_forefoot.stl'.
[2023-07-04 10:04:03.619] [warning] Couldn't find file 'model_r_toes.stl'.
[2023-07-04 10:04:04.973] [info] Loaded model subject1_withMTJ_locked_scaled_custom from file C:\Users\u0150099\Documents\master_thesis\3dpredictsim\OpenSimModel\subject1\Foot_Fal_s1_mtjcf3_sc_cspx10_cg9_o1x10.osim
[2023-07-04 10:04:04.973] [warning] Couldn't find file 'tibia_r.vtp'.
[2023-07-04 10:04:04.973] [warning] Couldn't find file 'fibula_r.vtp'.
[2023-07-04 10:04:04.973] [warning] Couldn't find file 'model_r_talus.stl'.
[2023-07-04 10:04:04.973] [warning] Couldn't find file 'calcaneous_rv.vtp'.
[2023-07-04 10:04:04.973] [warning] Couldn't find file 'model_r_midfoot.stl'.
[2023-07-04 10:04:04.973] [warning] Couldn't find file 'model_r_forefoot.stl'.
[2023-07-04 10:04:04.973] [warning] Couldn't find file 'model_r_toes.stl'.
[2023-07-04 10:04:05.969] [info] Loaded model subject1_withMTJ_locked_scaled_custom from file C:\Users\u0150099\Documents\master_thesis\3dpredictsim\OpenSimModel\subject1\Foot_Fal_s1_mtjcf3_sc_cspx10_cg9_o1x10.osim
[2023-07-04 10:04:05.970] [warning] Couldn't find file 'tibia_r.vtp'.
[2023-07-04 10:04:05.970] [warning] Couldn't find file 'fibula_r.vtp'.
[2023-07-04 10:04:05.970] [warning] Couldn't find file 'model_r_talus.stl'.
[2023-07-04 10:04:05.970] [warning] Couldn't find file 'calcaneous_rv.vtp'.
[2023-07-04 10:04:05.970] [warning] Couldn't find file 'model_r_midfoot.stl'.
[2023-07-04 10:04:05.970] [warning] Couldn't find file 'model_r_forefoot.stl'.
[2023-07-04 10:04:05.970] [warning] Couldn't find file 'model_r_toes.stl'.
[2023-07-04 10:04:08.959] [info] Loaded model subject1_withMTJ_locked_scaled_custom from file C:\Users\u0150099\Documents\master_thesis\3dpredictsim\OpenSimModel\subject1\Foot_Fal_s1_mtjcf3_sc_cspx10_cg9_o1x10.osim
[2023-07-04 10:04:08.959] [warning] Couldn't find file 'tibia_r.vtp'.
[2023-07-04 10:04:08.959] [warning] Couldn't find file 'fibula_r.vtp'.
[2023-07-04 10:04:08.959] [warning] Couldn't find file 'model_r_talus.stl'.
[2023-07-04 10:04:08.959] [warning] Couldn't find file 'calcaneous_rv.vtp'.
[2023-07-04 10:04:08.959] [warning] Couldn't find file 'model_r_midfoot.stl'.
[2023-07-04 10:04:08.960] [warning] Couldn't find file 'model_r_forefoot.stl'.
[2023-07-04 10:04:08.960] [warning] Couldn't find file 'model_r_toes.stl'.
[2023-07-04 10:04:13.270] [info] Loaded model subject1_withMTJ_locked_scaled_custom from file C:\Users\u0150099\Documents\master_thesis\3dpredictsim\OpenSimModel\subject1\Foot_Fal_s1_mtjcf3_sc_cspx10_cg9_o1x10.osim
[2023-07-04 10:04:13.270] [warning] Couldn't find file 'tibia_r.vtp'.
[2023-07-04 10:04:13.270] [warning] Couldn't find file 'fibula_r.vtp'.
[2023-07-04 10:04:13.270] [warning] Couldn't find file 'model_r_talus.stl'.
[2023-07-04 10:04:13.270] [warning] Couldn't find file 'calcaneous_rv.vtp'.
[2023-07-04 10:04:13.270] [warning] Couldn't find file 'model_r_midfoot.stl'.
[2023-07-04 10:04:13.271] [warning] Couldn't find file 'model_r_forefoot.stl'.
[2023-07-04 10:04:13.271] [warning] Couldn't find file 'model_r_toes.stl'.
[2023-07-04 10:04:18.391] [info] Loaded model subject1_withMTJ_locked_scaled_custom from file C:\Users\u0150099\Documents\master_thesis\3dpredictsim\OpenSimModel\subject1\Foot_Fal_s1_mtjcf3_sc_cspx10_cg9_o1x10.osim
[2023-07-04 10:04:18.391] [warning] Couldn't find file 'tibia_r.vtp'.
[2023-07-04 10:04:18.391] [warning] Couldn't find file 'fibula_r.vtp'.
[2023-07-04 10:04:18.391] [warning] Couldn't find file 'model_r_talus.stl'.
[2023-07-04 10:04:18.391] [warning] Couldn't find file 'calcaneous_rv.vtp'.
[2023-07-04 10:04:18.392] [warning] Couldn't find file 'model_r_midfoot.stl'.
[2023-07-04 10:04:18.392] [warning] Couldn't find file 'model_r_forefoot.stl'.
[2023-07-04 10:04:18.392] [warning] Couldn't find file 'model_r_toes.stl'.
