[2023-02-15 15:21:25.077] [info] Loaded model subject1_withMTJ_locked_scaled_custom from file C:\Users\u0150099\Documents\master_thesis\3dpredictsim\OpenSimModel\subject1\Fal_s1_mtjc4_FK_sc_FDB2_MTc5_cg0.osim
[2023-02-15 15:21:25.078] [warning] Couldn't find file 'sacrum.vtp'.
[2023-02-15 15:21:25.078] [warning] Couldn't find file 'pelvis.vtp'.
[2023-02-15 15:21:25.078] [warning] Couldn't find file 'l_pelvis.vtp'.
[2023-02-15 15:21:25.078] [warning] Couldn't find file 'femur_r.vtp'.
[2023-02-15 15:21:25.078] [warning] Couldn't find file 'tibia_r.vtp'.
[2023-02-15 15:21:25.078] [warning] Couldn't find file 'fibula_r.vtp'.
[2023-02-15 15:21:25.078] [warning] Couldn't find file 'talus_rv.vtp'.
[2023-02-15 15:21:25.079] [warning] Couldn't find file 'calcaneous_rv.vtp'.
[2023-02-15 15:21:25.079] [warning] Couldn't find file 'model_r_midfoot.stl'.
[2023-02-15 15:21:25.079] [warning] Couldn't find file 'model_r_forefoot.stl'.
[2023-02-15 15:21:25.079] [warning] Couldn't find file 'model_r_toes.stl'.
[2023-02-15 15:21:25.079] [warning] Couldn't find file 'femur_l.vtp'.
[2023-02-15 15:21:25.079] [warning] Couldn't find file 'tibia_l.vtp'.
[2023-02-15 15:21:25.079] [warning] Couldn't find file 'fibula_l.vtp'.
[2023-02-15 15:21:25.080] [warning] Couldn't find file 'talus_lv.vtp'.
[2023-02-15 15:21:25.080] [warning] Couldn't find file 'calcaneous_lv.vtp'.
[2023-02-15 15:21:25.080] [warning] Couldn't find file 'model_l_midfoot.stl'.
[2023-02-15 15:21:25.080] [warning] Couldn't find file 'model_l_forefoot.stl'.
[2023-02-15 15:21:25.080] [warning] Couldn't find file 'model_l_toes.stl'.
[2023-02-15 15:21:25.080] [warning] Couldn't find file 'hat_spine.vtp'.
[2023-02-15 15:21:25.080] [warning] Couldn't find file 'hat_jaw.vtp'.
[2023-02-15 15:21:25.080] [warning] Couldn't find file 'hat_skull.vtp'.
[2023-02-15 15:21:25.080] [warning] Couldn't find file 'hat_ribs_scap.vtp'.
[2023-02-15 15:21:25.080] [warning] Couldn't find file 'humerus_rv.vtp'.
[2023-02-15 15:21:25.080] [warning] Couldn't find file 'ulna_rv.vtp'.
[2023-02-15 15:21:25.080] [warning] Couldn't find file 'radius_rv.vtp'.
[2023-02-15 15:21:25.080] [warning] Couldn't find file 'pisiform_rvs.vtp'.
[2023-02-15 15:21:25.080] [warning] Couldn't find file 'lunate_rvs.vtp'.
[2023-02-15 15:21:25.081] [warning] Couldn't find file 'scaphoid_rvs.vtp'.
[2023-02-15 15:21:25.081] [warning] Couldn't find file 'triquetrum_rvs.vtp'.
[2023-02-15 15:21:25.081] [warning] Couldn't find file 'hamate_rvs.vtp'.
[2023-02-15 15:21:25.081] [warning] Couldn't find file 'capitate_rvs.vtp'.
[2023-02-15 15:21:25.081] [warning] Couldn't find file 'trapezoid_rvs.vtp'.
[2023-02-15 15:21:25.081] [warning] Couldn't find file 'trapezium_rvs.vtp'.
[2023-02-15 15:21:25.081] [warning] Couldn't find file 'metacarpal2_rvs.vtp'.
[2023-02-15 15:21:25.081] [warning] Couldn't find file 'index_proximal_rvs.vtp'.
[2023-02-15 15:21:25.081] [warning] Couldn't find file 'index_medial_rvs.vtp'.
[2023-02-15 15:21:25.081] [warning] Couldn't find file 'index_distal_rvs.vtp'.
[2023-02-15 15:21:25.081] [warning] Couldn't find file 'metacarpal3_rvs.vtp'.
[2023-02-15 15:21:25.081] [warning] Couldn't find file 'middle_proximal_rvs.vtp'.
[2023-02-15 15:21:25.081] [warning] Couldn't find file 'middle_medial_rvs.vtp'.
[2023-02-15 15:21:25.081] [warning] Couldn't find file 'middle_distal_rvs.vtp'.
[2023-02-15 15:21:25.081] [warning] Couldn't find file 'metacarpal4_rvs.vtp'.
[2023-02-15 15:21:25.081] [warning] Couldn't find file 'ring_proximal_rvs.vtp'.
[2023-02-15 15:21:25.082] [warning] Couldn't find file 'ring_medial_rvs.vtp'.
[2023-02-15 15:21:25.082] [warning] Couldn't find file 'ring_distal_rvs.vtp'.
[2023-02-15 15:21:25.082] [warning] Couldn't find file 'metacarpal5_rvs.vtp'.
[2023-02-15 15:21:25.082] [warning] Couldn't find file 'little_proximal_rvs.vtp'.
[2023-02-15 15:21:25.082] [warning] Couldn't find file 'little_medial_rvs.vtp'.
[2023-02-15 15:21:25.082] [warning] Couldn't find file 'little_distal_rvs.vtp'.
[2023-02-15 15:21:25.082] [warning] Couldn't find file 'metacarpal1_rvs.vtp'.
[2023-02-15 15:21:25.082] [warning] Couldn't find file 'thumb_proximal_rvs.vtp'.
[2023-02-15 15:21:25.082] [warning] Couldn't find file 'thumb_distal_rvs.vtp'.
[2023-02-15 15:21:25.082] [warning] Couldn't find file 'humerus_lv.vtp'.
[2023-02-15 15:21:25.082] [warning] Couldn't find file 'ulna_lv.vtp'.
[2023-02-15 15:21:25.082] [warning] Couldn't find file 'radius_lv.vtp'.
[2023-02-15 15:21:25.082] [warning] Couldn't find file 'pisiform_lvs.vtp'.
[2023-02-15 15:21:25.082] [warning] Couldn't find file 'lunate_lvs.vtp'.
[2023-02-15 15:21:25.083] [warning] Couldn't find file 'scaphoid_lvs.vtp'.
[2023-02-15 15:21:25.083] [warning] Couldn't find file 'triquetrum_lvs.vtp'.
[2023-02-15 15:21:25.083] [warning] Couldn't find file 'hamate_lvs.vtp'.
[2023-02-15 15:21:25.083] [warning] Couldn't find file 'capitate_lvs.vtp'.
[2023-02-15 15:21:25.083] [warning] Couldn't find file 'trapezoid_lvs.vtp'.
[2023-02-15 15:21:25.083] [warning] Couldn't find file 'trapezium_lvs.vtp'.
[2023-02-15 15:21:25.083] [warning] Couldn't find file 'metacarpal2_lvs.vtp'.
[2023-02-15 15:21:25.083] [warning] Couldn't find file 'index_proximal_lvs.vtp'.
[2023-02-15 15:21:25.083] [warning] Couldn't find file 'index_medial_lvs.vtp'.
[2023-02-15 15:21:25.083] [warning] Couldn't find file 'index_distal_lvs.vtp'.
[2023-02-15 15:21:25.083] [warning] Couldn't find file 'metacarpal3_lvs.vtp'.
[2023-02-15 15:21:25.083] [warning] Couldn't find file 'middle_proximal_lvs.vtp'.
[2023-02-15 15:21:25.083] [warning] Couldn't find file 'middle_medial_lvs.vtp'.
[2023-02-15 15:21:25.083] [warning] Couldn't find file 'middle_distal_lvs.vtp'.
[2023-02-15 15:21:25.083] [warning] Couldn't find file 'metacarpal4_lvs.vtp'.
[2023-02-15 15:21:25.084] [warning] Couldn't find file 'ring_proximal_lvs.vtp'.
[2023-02-15 15:21:25.084] [warning] Couldn't find file 'ring_medial_lvs.vtp'.
[2023-02-15 15:21:25.084] [warning] Couldn't find file 'ring_distal_lvs.vtp'.
[2023-02-15 15:21:25.084] [warning] Couldn't find file 'metacarpal5_lvs.vtp'.
[2023-02-15 15:21:25.084] [warning] Couldn't find file 'little_proximal_lvs.vtp'.
[2023-02-15 15:21:25.084] [warning] Couldn't find file 'little_medial_lvs.vtp'.
[2023-02-15 15:21:25.084] [warning] Couldn't find file 'little_distal_lvs.vtp'.
[2023-02-15 15:21:25.084] [warning] Couldn't find file 'metacarpal1_lvs.vtp'.
[2023-02-15 15:21:25.084] [warning] Couldn't find file 'thumb_proximal_lvs.vtp'.
[2023-02-15 15:21:25.084] [warning] Couldn't find file 'thumb_distal_lvs.vtp'.
[2023-02-15 15:21:30.255] [info] Loaded model Fal_s1_mtp_sc_MTc5_cspx10_oy1 from file C:\Users\u0150099\Documents\master_thesis\3dpredictsim\OpenSimModel\subject1\Fal_s1_mtp_FK_sc_MTc5_cg0.osim
[2023-02-15 15:21:30.256] [warning] Couldn't find file 'sacrum.vtp'.
[2023-02-15 15:21:30.256] [warning] Couldn't find file 'pelvis.vtp'.
[2023-02-15 15:21:30.256] [warning] Couldn't find file 'l_pelvis.vtp'.
[2023-02-15 15:21:30.256] [warning] Couldn't find file 'femur_r.vtp'.
[2023-02-15 15:21:30.256] [warning] Couldn't find file 'tibia_r.vtp'.
[2023-02-15 15:21:30.256] [warning] Couldn't find file 'fibula_r.vtp'.
[2023-02-15 15:21:30.256] [warning] Couldn't find file 'talus_rv.vtp'.
[2023-02-15 15:21:30.256] [warning] Couldn't find file 'calcaneous_rv.vtp'.
[2023-02-15 15:21:30.256] [warning] Couldn't find file 'model_r_midfoot.stl'.
[2023-02-15 15:21:30.256] [warning] Couldn't find file 'model_r_forefoot.stl'.
[2023-02-15 15:21:30.256] [warning] Couldn't find file 'model_r_toes.stl'.
[2023-02-15 15:21:30.256] [warning] Couldn't find file 'femur_l.vtp'.
[2023-02-15 15:21:30.256] [warning] Couldn't find file 'tibia_l.vtp'.
[2023-02-15 15:21:30.256] [warning] Couldn't find file 'fibula_l.vtp'.
[2023-02-15 15:21:30.257] [warning] Couldn't find file 'talus_lv.vtp'.
[2023-02-15 15:21:30.257] [warning] Couldn't find file 'calcaneous_lv.vtp'.
[2023-02-15 15:21:30.257] [warning] Couldn't find file 'model_l_midfoot.stl'.
[2023-02-15 15:21:30.257] [warning] Couldn't find file 'model_l_forefoot.stl'.
[2023-02-15 15:21:30.257] [warning] Couldn't find file 'model_l_toes.stl'.
[2023-02-15 15:21:30.257] [warning] Couldn't find file 'hat_spine.vtp'.
[2023-02-15 15:21:30.257] [warning] Couldn't find file 'hat_jaw.vtp'.
[2023-02-15 15:21:30.257] [warning] Couldn't find file 'hat_skull.vtp'.
[2023-02-15 15:21:30.257] [warning] Couldn't find file 'hat_ribs_scap.vtp'.
[2023-02-15 15:21:30.257] [warning] Couldn't find file 'humerus_rv.vtp'.
[2023-02-15 15:21:30.257] [warning] Couldn't find file 'ulna_rv.vtp'.
[2023-02-15 15:21:30.257] [warning] Couldn't find file 'radius_rv.vtp'.
[2023-02-15 15:21:30.257] [warning] Couldn't find file 'pisiform_rvs.vtp'.
[2023-02-15 15:21:30.257] [warning] Couldn't find file 'lunate_rvs.vtp'.
[2023-02-15 15:21:30.258] [warning] Couldn't find file 'scaphoid_rvs.vtp'.
[2023-02-15 15:21:30.258] [warning] Couldn't find file 'triquetrum_rvs.vtp'.
[2023-02-15 15:21:30.258] [warning] Couldn't find file 'hamate_rvs.vtp'.
[2023-02-15 15:21:30.258] [warning] Couldn't find file 'capitate_rvs.vtp'.
[2023-02-15 15:21:30.258] [warning] Couldn't find file 'trapezoid_rvs.vtp'.
[2023-02-15 15:21:30.258] [warning] Couldn't find file 'trapezium_rvs.vtp'.
[2023-02-15 15:21:30.258] [warning] Couldn't find file 'metacarpal2_rvs.vtp'.
[2023-02-15 15:21:30.258] [warning] Couldn't find file 'index_proximal_rvs.vtp'.
[2023-02-15 15:21:30.258] [warning] Couldn't find file 'index_medial_rvs.vtp'.
[2023-02-15 15:21:30.258] [warning] Couldn't find file 'index_distal_rvs.vtp'.
[2023-02-15 15:21:30.258] [warning] Couldn't find file 'metacarpal3_rvs.vtp'.
[2023-02-15 15:21:30.258] [warning] Couldn't find file 'middle_proximal_rvs.vtp'.
[2023-02-15 15:21:30.258] [warning] Couldn't find file 'middle_medial_rvs.vtp'.
[2023-02-15 15:21:30.258] [warning] Couldn't find file 'middle_distal_rvs.vtp'.
[2023-02-15 15:21:30.258] [warning] Couldn't find file 'metacarpal4_rvs.vtp'.
[2023-02-15 15:21:30.258] [warning] Couldn't find file 'ring_proximal_rvs.vtp'.
[2023-02-15 15:21:30.259] [warning] Couldn't find file 'ring_medial_rvs.vtp'.
[2023-02-15 15:21:30.259] [warning] Couldn't find file 'ring_distal_rvs.vtp'.
[2023-02-15 15:21:30.259] [warning] Couldn't find file 'metacarpal5_rvs.vtp'.
[2023-02-15 15:21:30.259] [warning] Couldn't find file 'little_proximal_rvs.vtp'.
[2023-02-15 15:21:30.259] [warning] Couldn't find file 'little_medial_rvs.vtp'.
[2023-02-15 15:21:30.259] [warning] Couldn't find file 'little_distal_rvs.vtp'.
[2023-02-15 15:21:30.259] [warning] Couldn't find file 'metacarpal1_rvs.vtp'.
[2023-02-15 15:21:30.259] [warning] Couldn't find file 'thumb_proximal_rvs.vtp'.
[2023-02-15 15:21:30.259] [warning] Couldn't find file 'thumb_distal_rvs.vtp'.
[2023-02-15 15:21:30.259] [warning] Couldn't find file 'humerus_lv.vtp'.
[2023-02-15 15:21:30.259] [warning] Couldn't find file 'ulna_lv.vtp'.
[2023-02-15 15:21:30.259] [warning] Couldn't find file 'radius_lv.vtp'.
[2023-02-15 15:21:30.259] [warning] Couldn't find file 'pisiform_lvs.vtp'.
[2023-02-15 15:21:30.259] [warning] Couldn't find file 'lunate_lvs.vtp'.
[2023-02-15 15:21:30.259] [warning] Couldn't find file 'scaphoid_lvs.vtp'.
[2023-02-15 15:21:30.260] [warning] Couldn't find file 'triquetrum_lvs.vtp'.
[2023-02-15 15:21:30.260] [warning] Couldn't find file 'hamate_lvs.vtp'.
[2023-02-15 15:21:30.260] [warning] Couldn't find file 'capitate_lvs.vtp'.
[2023-02-15 15:21:30.260] [warning] Couldn't find file 'trapezoid_lvs.vtp'.
[2023-02-15 15:21:30.260] [warning] Couldn't find file 'trapezium_lvs.vtp'.
[2023-02-15 15:21:30.260] [warning] Couldn't find file 'metacarpal2_lvs.vtp'.
[2023-02-15 15:21:30.260] [warning] Couldn't find file 'index_proximal_lvs.vtp'.
[2023-02-15 15:21:30.260] [warning] Couldn't find file 'index_medial_lvs.vtp'.
[2023-02-15 15:21:30.260] [warning] Couldn't find file 'index_distal_lvs.vtp'.
[2023-02-15 15:21:30.260] [warning] Couldn't find file 'metacarpal3_lvs.vtp'.
[2023-02-15 15:21:30.260] [warning] Couldn't find file 'middle_proximal_lvs.vtp'.
[2023-02-15 15:21:30.260] [warning] Couldn't find file 'middle_medial_lvs.vtp'.
[2023-02-15 15:21:30.260] [warning] Couldn't find file 'middle_distal_lvs.vtp'.
[2023-02-15 15:21:30.260] [warning] Couldn't find file 'metacarpal4_lvs.vtp'.
[2023-02-15 15:21:30.260] [warning] Couldn't find file 'ring_proximal_lvs.vtp'.
[2023-02-15 15:21:30.260] [warning] Couldn't find file 'ring_medial_lvs.vtp'.
[2023-02-15 15:21:30.260] [warning] Couldn't find file 'ring_distal_lvs.vtp'.
[2023-02-15 15:21:30.261] [warning] Couldn't find file 'metacarpal5_lvs.vtp'.
[2023-02-15 15:21:30.261] [warning] Couldn't find file 'little_proximal_lvs.vtp'.
[2023-02-15 15:21:30.261] [warning] Couldn't find file 'little_medial_lvs.vtp'.
[2023-02-15 15:21:30.261] [warning] Couldn't find file 'little_distal_lvs.vtp'.
[2023-02-15 15:21:30.261] [warning] Couldn't find file 'metacarpal1_lvs.vtp'.
[2023-02-15 15:21:30.261] [warning] Couldn't find file 'thumb_proximal_lvs.vtp'.
[2023-02-15 15:21:30.261] [warning] Couldn't find file 'thumb_distal_lvs.vtp'.
[2023-02-15 15:21:35.238] [info] Loaded model subject1_withMTJ_locked_scaled_custom from file C:\Users\u0150099\Documents\master_thesis\3dpredictsim\OpenSimModel\subject1\Fal_s1_mtjc4_FK_sc_MTc5_cspx10_oy3.osim
[2023-02-15 15:21:35.239] [warning] Couldn't find file 'sacrum.vtp'.
[2023-02-15 15:21:35.239] [warning] Couldn't find file 'pelvis.vtp'.
[2023-02-15 15:21:35.239] [warning] Couldn't find file 'l_pelvis.vtp'.
[2023-02-15 15:21:35.240] [warning] Couldn't find file 'femur_r.vtp'.
[2023-02-15 15:21:35.240] [warning] Couldn't find file 'tibia_r.vtp'.
[2023-02-15 15:21:35.240] [warning] Couldn't find file 'fibula_r.vtp'.
[2023-02-15 15:21:35.240] [warning] Couldn't find file 'talus_rv.vtp'.
[2023-02-15 15:21:35.240] [warning] Couldn't find file 'calcaneous_rv.vtp'.
[2023-02-15 15:21:35.240] [warning] Couldn't find file 'model_r_midfoot.stl'.
[2023-02-15 15:21:35.240] [warning] Couldn't find file 'model_r_forefoot.stl'.
[2023-02-15 15:21:35.240] [warning] Couldn't find file 'model_r_toes.stl'.
[2023-02-15 15:21:35.240] [warning] Couldn't find file 'femur_l.vtp'.
[2023-02-15 15:21:35.240] [warning] Couldn't find file 'tibia_l.vtp'.
[2023-02-15 15:21:35.240] [warning] Couldn't find file 'fibula_l.vtp'.
[2023-02-15 15:21:35.240] [warning] Couldn't find file 'talus_lv.vtp'.
[2023-02-15 15:21:35.240] [warning] Couldn't find file 'calcaneous_lv.vtp'.
[2023-02-15 15:21:35.240] [warning] Couldn't find file 'model_l_midfoot.stl'.
[2023-02-15 15:21:35.241] [warning] Couldn't find file 'model_l_forefoot.stl'.
[2023-02-15 15:21:35.241] [warning] Couldn't find file 'model_l_toes.stl'.
[2023-02-15 15:21:35.241] [warning] Couldn't find file 'hat_spine.vtp'.
[2023-02-15 15:21:35.241] [warning] Couldn't find file 'hat_jaw.vtp'.
[2023-02-15 15:21:35.241] [warning] Couldn't find file 'hat_skull.vtp'.
[2023-02-15 15:21:35.241] [warning] Couldn't find file 'hat_ribs_scap.vtp'.
[2023-02-15 15:21:35.241] [warning] Couldn't find file 'humerus_rv.vtp'.
[2023-02-15 15:21:35.241] [warning] Couldn't find file 'ulna_rv.vtp'.
[2023-02-15 15:21:35.241] [warning] Couldn't find file 'radius_rv.vtp'.
[2023-02-15 15:21:35.241] [warning] Couldn't find file 'pisiform_rvs.vtp'.
[2023-02-15 15:21:35.241] [warning] Couldn't find file 'lunate_rvs.vtp'.
[2023-02-15 15:21:35.241] [warning] Couldn't find file 'scaphoid_rvs.vtp'.
[2023-02-15 15:21:35.241] [warning] Couldn't find file 'triquetrum_rvs.vtp'.
[2023-02-15 15:21:35.241] [warning] Couldn't find file 'hamate_rvs.vtp'.
[2023-02-15 15:21:35.241] [warning] Couldn't find file 'capitate_rvs.vtp'.
[2023-02-15 15:21:35.241] [warning] Couldn't find file 'trapezoid_rvs.vtp'.
[2023-02-15 15:21:35.242] [warning] Couldn't find file 'trapezium_rvs.vtp'.
[2023-02-15 15:21:35.242] [warning] Couldn't find file 'metacarpal2_rvs.vtp'.
[2023-02-15 15:21:35.242] [warning] Couldn't find file 'index_proximal_rvs.vtp'.
[2023-02-15 15:21:35.242] [warning] Couldn't find file 'index_medial_rvs.vtp'.
[2023-02-15 15:21:35.242] [warning] Couldn't find file 'index_distal_rvs.vtp'.
[2023-02-15 15:21:35.242] [warning] Couldn't find file 'metacarpal3_rvs.vtp'.
[2023-02-15 15:21:35.242] [warning] Couldn't find file 'middle_proximal_rvs.vtp'.
[2023-02-15 15:21:35.242] [warning] Couldn't find file 'middle_medial_rvs.vtp'.
[2023-02-15 15:21:35.242] [warning] Couldn't find file 'middle_distal_rvs.vtp'.
[2023-02-15 15:21:35.242] [warning] Couldn't find file 'metacarpal4_rvs.vtp'.
[2023-02-15 15:21:35.242] [warning] Couldn't find file 'ring_proximal_rvs.vtp'.
[2023-02-15 15:21:35.242] [warning] Couldn't find file 'ring_medial_rvs.vtp'.
[2023-02-15 15:21:35.242] [warning] Couldn't find file 'ring_distal_rvs.vtp'.
[2023-02-15 15:21:35.242] [warning] Couldn't find file 'metacarpal5_rvs.vtp'.
[2023-02-15 15:21:35.243] [warning] Couldn't find file 'little_proximal_rvs.vtp'.
[2023-02-15 15:21:35.243] [warning] Couldn't find file 'little_medial_rvs.vtp'.
[2023-02-15 15:21:35.243] [warning] Couldn't find file 'little_distal_rvs.vtp'.
[2023-02-15 15:21:35.243] [warning] Couldn't find file 'metacarpal1_rvs.vtp'.
[2023-02-15 15:21:35.243] [warning] Couldn't find file 'thumb_proximal_rvs.vtp'.
[2023-02-15 15:21:35.243] [warning] Couldn't find file 'thumb_distal_rvs.vtp'.
[2023-02-15 15:21:35.243] [warning] Couldn't find file 'humerus_lv.vtp'.
[2023-02-15 15:21:35.243] [warning] Couldn't find file 'ulna_lv.vtp'.
[2023-02-15 15:21:35.243] [warning] Couldn't find file 'radius_lv.vtp'.
[2023-02-15 15:21:35.243] [warning] Couldn't find file 'pisiform_lvs.vtp'.
[2023-02-15 15:21:35.243] [warning] Couldn't find file 'lunate_lvs.vtp'.
[2023-02-15 15:21:35.243] [warning] Couldn't find file 'scaphoid_lvs.vtp'.
[2023-02-15 15:21:35.243] [warning] Couldn't find file 'triquetrum_lvs.vtp'.
[2023-02-15 15:21:35.243] [warning] Couldn't find file 'hamate_lvs.vtp'.
[2023-02-15 15:21:35.243] [warning] Couldn't find file 'capitate_lvs.vtp'.
[2023-02-15 15:21:35.243] [warning] Couldn't find file 'trapezoid_lvs.vtp'.
[2023-02-15 15:21:35.244] [warning] Couldn't find file 'trapezium_lvs.vtp'.
[2023-02-15 15:21:35.244] [warning] Couldn't find file 'metacarpal2_lvs.vtp'.
[2023-02-15 15:21:35.244] [warning] Couldn't find file 'index_proximal_lvs.vtp'.
[2023-02-15 15:21:35.244] [warning] Couldn't find file 'index_medial_lvs.vtp'.
[2023-02-15 15:21:35.244] [warning] Couldn't find file 'index_distal_lvs.vtp'.
[2023-02-15 15:21:35.244] [warning] Couldn't find file 'metacarpal3_lvs.vtp'.
[2023-02-15 15:21:35.244] [warning] Couldn't find file 'middle_proximal_lvs.vtp'.
[2023-02-15 15:21:35.244] [warning] Couldn't find file 'middle_medial_lvs.vtp'.
[2023-02-15 15:21:35.244] [warning] Couldn't find file 'middle_distal_lvs.vtp'.
[2023-02-15 15:21:35.244] [warning] Couldn't find file 'metacarpal4_lvs.vtp'.
[2023-02-15 15:21:35.244] [warning] Couldn't find file 'ring_proximal_lvs.vtp'.
[2023-02-15 15:21:35.244] [warning] Couldn't find file 'ring_medial_lvs.vtp'.
[2023-02-15 15:21:35.244] [warning] Couldn't find file 'ring_distal_lvs.vtp'.
[2023-02-15 15:21:35.244] [warning] Couldn't find file 'metacarpal5_lvs.vtp'.
[2023-02-15 15:21:35.244] [warning] Couldn't find file 'little_proximal_lvs.vtp'.
[2023-02-15 15:21:35.244] [warning] Couldn't find file 'little_medial_lvs.vtp'.
[2023-02-15 15:21:35.245] [warning] Couldn't find file 'little_distal_lvs.vtp'.
[2023-02-15 15:21:35.245] [warning] Couldn't find file 'metacarpal1_lvs.vtp'.
[2023-02-15 15:21:35.245] [warning] Couldn't find file 'thumb_proximal_lvs.vtp'.
[2023-02-15 15:21:35.245] [warning] Couldn't find file 'thumb_distal_lvs.vtp'.
[2023-02-15 15:21:43.240] [info] Loaded model Fal_s1_mtp_sc_MTc5_cspx10_oy1 from file C:\Users\u0150099\Documents\master_thesis\3dpredictsim\OpenSimModel\subject1\Fal_s1_mtp_FK_sc_MTc5_cg0.osim
[2023-02-15 15:21:43.241] [warning] Couldn't find file 'sacrum.vtp'.
[2023-02-15 15:21:43.241] [warning] Couldn't find file 'pelvis.vtp'.
[2023-02-15 15:21:43.241] [warning] Couldn't find file 'l_pelvis.vtp'.
[2023-02-15 15:21:43.241] [warning] Couldn't find file 'femur_r.vtp'.
[2023-02-15 15:21:43.241] [warning] Couldn't find file 'tibia_r.vtp'.
[2023-02-15 15:21:43.241] [warning] Couldn't find file 'fibula_r.vtp'.
[2023-02-15 15:21:43.241] [warning] Couldn't find file 'talus_rv.vtp'.
[2023-02-15 15:21:43.241] [warning] Couldn't find file 'calcaneous_rv.vtp'.
[2023-02-15 15:21:43.241] [warning] Couldn't find file 'model_r_midfoot.stl'.
[2023-02-15 15:21:43.241] [warning] Couldn't find file 'model_r_forefoot.stl'.
[2023-02-15 15:21:43.241] [warning] Couldn't find file 'model_r_toes.stl'.
[2023-02-15 15:21:43.242] [warning] Couldn't find file 'femur_l.vtp'.
[2023-02-15 15:21:43.242] [warning] Couldn't find file 'tibia_l.vtp'.
[2023-02-15 15:21:43.242] [warning] Couldn't find file 'fibula_l.vtp'.
[2023-02-15 15:21:43.242] [warning] Couldn't find file 'talus_lv.vtp'.
[2023-02-15 15:21:43.242] [warning] Couldn't find file 'calcaneous_lv.vtp'.
[2023-02-15 15:21:43.242] [warning] Couldn't find file 'model_l_midfoot.stl'.
[2023-02-15 15:21:43.242] [warning] Couldn't find file 'model_l_forefoot.stl'.
[2023-02-15 15:21:43.242] [warning] Couldn't find file 'model_l_toes.stl'.
[2023-02-15 15:21:43.242] [warning] Couldn't find file 'hat_spine.vtp'.
[2023-02-15 15:21:43.242] [warning] Couldn't find file 'hat_jaw.vtp'.
[2023-02-15 15:21:43.242] [warning] Couldn't find file 'hat_skull.vtp'.
[2023-02-15 15:21:43.242] [warning] Couldn't find file 'hat_ribs_scap.vtp'.
[2023-02-15 15:21:43.242] [warning] Couldn't find file 'humerus_rv.vtp'.
[2023-02-15 15:21:43.243] [warning] Couldn't find file 'ulna_rv.vtp'.
[2023-02-15 15:21:43.243] [warning] Couldn't find file 'radius_rv.vtp'.
[2023-02-15 15:21:43.243] [warning] Couldn't find file 'pisiform_rvs.vtp'.
[2023-02-15 15:21:43.243] [warning] Couldn't find file 'lunate_rvs.vtp'.
[2023-02-15 15:21:43.243] [warning] Couldn't find file 'scaphoid_rvs.vtp'.
[2023-02-15 15:21:43.243] [warning] Couldn't find file 'triquetrum_rvs.vtp'.
[2023-02-15 15:21:43.243] [warning] Couldn't find file 'hamate_rvs.vtp'.
[2023-02-15 15:21:43.243] [warning] Couldn't find file 'capitate_rvs.vtp'.
[2023-02-15 15:21:43.243] [warning] Couldn't find file 'trapezoid_rvs.vtp'.
[2023-02-15 15:21:43.243] [warning] Couldn't find file 'trapezium_rvs.vtp'.
[2023-02-15 15:21:43.243] [warning] Couldn't find file 'metacarpal2_rvs.vtp'.
[2023-02-15 15:21:43.243] [warning] Couldn't find file 'index_proximal_rvs.vtp'.
[2023-02-15 15:21:43.243] [warning] Couldn't find file 'index_medial_rvs.vtp'.
[2023-02-15 15:21:43.243] [warning] Couldn't find file 'index_distal_rvs.vtp'.
[2023-02-15 15:21:43.244] [warning] Couldn't find file 'metacarpal3_rvs.vtp'.
[2023-02-15 15:21:43.244] [warning] Couldn't find file 'middle_proximal_rvs.vtp'.
[2023-02-15 15:21:43.244] [warning] Couldn't find file 'middle_medial_rvs.vtp'.
[2023-02-15 15:21:43.244] [warning] Couldn't find file 'middle_distal_rvs.vtp'.
[2023-02-15 15:21:43.244] [warning] Couldn't find file 'metacarpal4_rvs.vtp'.
[2023-02-15 15:21:43.244] [warning] Couldn't find file 'ring_proximal_rvs.vtp'.
[2023-02-15 15:21:43.244] [warning] Couldn't find file 'ring_medial_rvs.vtp'.
[2023-02-15 15:21:43.244] [warning] Couldn't find file 'ring_distal_rvs.vtp'.
[2023-02-15 15:21:43.244] [warning] Couldn't find file 'metacarpal5_rvs.vtp'.
[2023-02-15 15:21:43.244] [warning] Couldn't find file 'little_proximal_rvs.vtp'.
[2023-02-15 15:21:43.244] [warning] Couldn't find file 'little_medial_rvs.vtp'.
[2023-02-15 15:21:43.244] [warning] Couldn't find file 'little_distal_rvs.vtp'.
[2023-02-15 15:21:43.244] [warning] Couldn't find file 'metacarpal1_rvs.vtp'.
[2023-02-15 15:21:43.244] [warning] Couldn't find file 'thumb_proximal_rvs.vtp'.
[2023-02-15 15:21:43.244] [warning] Couldn't find file 'thumb_distal_rvs.vtp'.
[2023-02-15 15:21:43.245] [warning] Couldn't find file 'humerus_lv.vtp'.
[2023-02-15 15:21:43.245] [warning] Couldn't find file 'ulna_lv.vtp'.
[2023-02-15 15:21:43.245] [warning] Couldn't find file 'radius_lv.vtp'.
[2023-02-15 15:21:43.245] [warning] Couldn't find file 'pisiform_lvs.vtp'.
[2023-02-15 15:21:43.245] [warning] Couldn't find file 'lunate_lvs.vtp'.
[2023-02-15 15:21:43.245] [warning] Couldn't find file 'scaphoid_lvs.vtp'.
[2023-02-15 15:21:43.245] [warning] Couldn't find file 'triquetrum_lvs.vtp'.
[2023-02-15 15:21:43.245] [warning] Couldn't find file 'hamate_lvs.vtp'.
[2023-02-15 15:21:43.245] [warning] Couldn't find file 'capitate_lvs.vtp'.
[2023-02-15 15:21:43.245] [warning] Couldn't find file 'trapezoid_lvs.vtp'.
[2023-02-15 15:21:43.245] [warning] Couldn't find file 'trapezium_lvs.vtp'.
[2023-02-15 15:21:43.245] [warning] Couldn't find file 'metacarpal2_lvs.vtp'.
[2023-02-15 15:21:43.245] [warning] Couldn't find file 'index_proximal_lvs.vtp'.
[2023-02-15 15:21:43.246] [warning] Couldn't find file 'index_medial_lvs.vtp'.
[2023-02-15 15:21:43.246] [warning] Couldn't find file 'index_distal_lvs.vtp'.
[2023-02-15 15:21:43.246] [warning] Couldn't find file 'metacarpal3_lvs.vtp'.
[2023-02-15 15:21:43.246] [warning] Couldn't find file 'middle_proximal_lvs.vtp'.
[2023-02-15 15:21:43.246] [warning] Couldn't find file 'middle_medial_lvs.vtp'.
[2023-02-15 15:21:43.246] [warning] Couldn't find file 'middle_distal_lvs.vtp'.
[2023-02-15 15:21:43.246] [warning] Couldn't find file 'metacarpal4_lvs.vtp'.
[2023-02-15 15:21:43.246] [warning] Couldn't find file 'ring_proximal_lvs.vtp'.
[2023-02-15 15:21:43.246] [warning] Couldn't find file 'ring_medial_lvs.vtp'.
[2023-02-15 15:21:43.246] [warning] Couldn't find file 'ring_distal_lvs.vtp'.
[2023-02-15 15:21:43.246] [warning] Couldn't find file 'metacarpal5_lvs.vtp'.
[2023-02-15 15:21:43.246] [warning] Couldn't find file 'little_proximal_lvs.vtp'.
[2023-02-15 15:21:43.246] [warning] Couldn't find file 'little_medial_lvs.vtp'.
[2023-02-15 15:21:43.246] [warning] Couldn't find file 'little_distal_lvs.vtp'.
[2023-02-15 15:21:43.246] [warning] Couldn't find file 'metacarpal1_lvs.vtp'.
[2023-02-15 15:21:43.247] [warning] Couldn't find file 'thumb_proximal_lvs.vtp'.
[2023-02-15 15:21:43.247] [warning] Couldn't find file 'thumb_distal_lvs.vtp'.
