[2022-08-31 08:55:20.994] [info] Loaded model subject1_withMTJ_locked_scaled_custom from file C:\Users\u0150099\Documents\master_thesis\3dpredictsim\OpenSimModel\subject1\Fal_s1_mtjc4_FK_sc_FDB2_MTc5_cg0.osim
[2022-08-31 08:55:20.995] [warning] Couldn't find file 'sacrum.vtp'.
[2022-08-31 08:55:20.995] [warning] Couldn't find file 'pelvis.vtp'.
[2022-08-31 08:55:20.995] [warning] Couldn't find file 'l_pelvis.vtp'.
[2022-08-31 08:55:20.995] [warning] Couldn't find file 'femur_r.vtp'.
[2022-08-31 08:55:20.995] [warning] Couldn't find file 'tibia_r.vtp'.
[2022-08-31 08:55:20.995] [warning] Couldn't find file 'fibula_r.vtp'.
[2022-08-31 08:55:20.995] [warning] Couldn't find file 'talus_rv.vtp'.
[2022-08-31 08:55:20.996] [warning] Couldn't find file 'calcaneous_rv.vtp'.
[2022-08-31 08:55:20.996] [warning] Couldn't find file 'model_r_midfoot.stl'.
[2022-08-31 08:55:20.996] [warning] Couldn't find file 'model_r_forefoot.stl'.
[2022-08-31 08:55:20.996] [warning] Couldn't find file 'model_r_toes.stl'.
[2022-08-31 08:55:20.996] [warning] Couldn't find file 'femur_l.vtp'.
[2022-08-31 08:55:20.996] [warning] Couldn't find file 'tibia_l.vtp'.
[2022-08-31 08:55:20.996] [warning] Couldn't find file 'fibula_l.vtp'.
[2022-08-31 08:55:20.996] [warning] Couldn't find file 'talus_lv.vtp'.
[2022-08-31 08:55:20.997] [warning] Couldn't find file 'calcaneous_lv.vtp'.
[2022-08-31 08:55:20.997] [warning] Couldn't find file 'model_l_midfoot.stl'.
[2022-08-31 08:55:20.997] [warning] Couldn't find file 'model_l_forefoot.stl'.
[2022-08-31 08:55:20.997] [warning] Couldn't find file 'model_l_toes.stl'.
[2022-08-31 08:55:20.997] [warning] Couldn't find file 'hat_spine.vtp'.
[2022-08-31 08:55:20.997] [warning] Couldn't find file 'hat_jaw.vtp'.
[2022-08-31 08:55:20.997] [warning] Couldn't find file 'hat_skull.vtp'.
[2022-08-31 08:55:20.997] [warning] Couldn't find file 'hat_ribs_scap.vtp'.
[2022-08-31 08:55:20.997] [warning] Couldn't find file 'humerus_rv.vtp'.
[2022-08-31 08:55:20.997] [warning] Couldn't find file 'ulna_rv.vtp'.
[2022-08-31 08:55:20.997] [warning] Couldn't find file 'radius_rv.vtp'.
[2022-08-31 08:55:20.997] [warning] Couldn't find file 'pisiform_rvs.vtp'.
[2022-08-31 08:55:20.997] [warning] Couldn't find file 'lunate_rvs.vtp'.
[2022-08-31 08:55:20.997] [warning] Couldn't find file 'scaphoid_rvs.vtp'.
[2022-08-31 08:55:20.997] [warning] Couldn't find file 'triquetrum_rvs.vtp'.
[2022-08-31 08:55:20.997] [warning] Couldn't find file 'hamate_rvs.vtp'.
[2022-08-31 08:55:20.997] [warning] Couldn't find file 'capitate_rvs.vtp'.
[2022-08-31 08:55:20.997] [warning] Couldn't find file 'trapezoid_rvs.vtp'.
[2022-08-31 08:55:20.998] [warning] Couldn't find file 'trapezium_rvs.vtp'.
[2022-08-31 08:55:20.998] [warning] Couldn't find file 'metacarpal2_rvs.vtp'.
[2022-08-31 08:55:20.998] [warning] Couldn't find file 'index_proximal_rvs.vtp'.
[2022-08-31 08:55:20.998] [warning] Couldn't find file 'index_medial_rvs.vtp'.
[2022-08-31 08:55:20.998] [warning] Couldn't find file 'index_distal_rvs.vtp'.
[2022-08-31 08:55:20.998] [warning] Couldn't find file 'metacarpal3_rvs.vtp'.
[2022-08-31 08:55:20.998] [warning] Couldn't find file 'middle_proximal_rvs.vtp'.
[2022-08-31 08:55:20.998] [warning] Couldn't find file 'middle_medial_rvs.vtp'.
[2022-08-31 08:55:20.998] [warning] Couldn't find file 'middle_distal_rvs.vtp'.
[2022-08-31 08:55:20.998] [warning] Couldn't find file 'metacarpal4_rvs.vtp'.
[2022-08-31 08:55:20.998] [warning] Couldn't find file 'ring_proximal_rvs.vtp'.
[2022-08-31 08:55:20.998] [warning] Couldn't find file 'ring_medial_rvs.vtp'.
[2022-08-31 08:55:20.998] [warning] Couldn't find file 'ring_distal_rvs.vtp'.
[2022-08-31 08:55:20.998] [warning] Couldn't find file 'metacarpal5_rvs.vtp'.
[2022-08-31 08:55:20.998] [warning] Couldn't find file 'little_proximal_rvs.vtp'.
[2022-08-31 08:55:20.998] [warning] Couldn't find file 'little_medial_rvs.vtp'.
[2022-08-31 08:55:20.998] [warning] Couldn't find file 'little_distal_rvs.vtp'.
[2022-08-31 08:55:20.998] [warning] Couldn't find file 'metacarpal1_rvs.vtp'.
[2022-08-31 08:55:20.998] [warning] Couldn't find file 'thumb_proximal_rvs.vtp'.
[2022-08-31 08:55:20.999] [warning] Couldn't find file 'thumb_distal_rvs.vtp'.
[2022-08-31 08:55:20.999] [warning] Couldn't find file 'humerus_lv.vtp'.
[2022-08-31 08:55:20.999] [warning] Couldn't find file 'ulna_lv.vtp'.
[2022-08-31 08:55:20.999] [warning] Couldn't find file 'radius_lv.vtp'.
[2022-08-31 08:55:20.999] [warning] Couldn't find file 'pisiform_lvs.vtp'.
[2022-08-31 08:55:20.999] [warning] Couldn't find file 'lunate_lvs.vtp'.
[2022-08-31 08:55:20.999] [warning] Couldn't find file 'scaphoid_lvs.vtp'.
[2022-08-31 08:55:20.999] [warning] Couldn't find file 'triquetrum_lvs.vtp'.
[2022-08-31 08:55:20.999] [warning] Couldn't find file 'hamate_lvs.vtp'.
[2022-08-31 08:55:20.999] [warning] Couldn't find file 'capitate_lvs.vtp'.
[2022-08-31 08:55:20.999] [warning] Couldn't find file 'trapezoid_lvs.vtp'.
[2022-08-31 08:55:20.999] [warning] Couldn't find file 'trapezium_lvs.vtp'.
[2022-08-31 08:55:20.999] [warning] Couldn't find file 'metacarpal2_lvs.vtp'.
[2022-08-31 08:55:20.999] [warning] Couldn't find file 'index_proximal_lvs.vtp'.
[2022-08-31 08:55:20.999] [warning] Couldn't find file 'index_medial_lvs.vtp'.
[2022-08-31 08:55:20.999] [warning] Couldn't find file 'index_distal_lvs.vtp'.
[2022-08-31 08:55:20.999] [warning] Couldn't find file 'metacarpal3_lvs.vtp'.
[2022-08-31 08:55:20.999] [warning] Couldn't find file 'middle_proximal_lvs.vtp'.
[2022-08-31 08:55:21.000] [warning] Couldn't find file 'middle_medial_lvs.vtp'.
[2022-08-31 08:55:21.000] [warning] Couldn't find file 'middle_distal_lvs.vtp'.
[2022-08-31 08:55:21.000] [warning] Couldn't find file 'metacarpal4_lvs.vtp'.
[2022-08-31 08:55:21.000] [warning] Couldn't find file 'ring_proximal_lvs.vtp'.
[2022-08-31 08:55:21.000] [warning] Couldn't find file 'ring_medial_lvs.vtp'.
[2022-08-31 08:55:21.000] [warning] Couldn't find file 'ring_distal_lvs.vtp'.
[2022-08-31 08:55:21.000] [warning] Couldn't find file 'metacarpal5_lvs.vtp'.
[2022-08-31 08:55:21.000] [warning] Couldn't find file 'little_proximal_lvs.vtp'.
[2022-08-31 08:55:21.000] [warning] Couldn't find file 'little_medial_lvs.vtp'.
[2022-08-31 08:55:21.000] [warning] Couldn't find file 'little_distal_lvs.vtp'.
[2022-08-31 08:55:21.000] [warning] Couldn't find file 'metacarpal1_lvs.vtp'.
[2022-08-31 08:55:21.000] [warning] Couldn't find file 'thumb_proximal_lvs.vtp'.
[2022-08-31 08:55:21.000] [warning] Couldn't find file 'thumb_distal_lvs.vtp'.
[2022-08-31 08:55:21.138] [info] Loaded model subject1_withMTJ_locked_scaled_custom from file C:\Users\u0150099\Documents\master_thesis\3dpredictsim\OpenSimModel\subject1\Fal_s1_mtjc4_FK_sc_FDB2_MTc5_cg0.osim
[2022-08-31 08:55:21.139] [warning] Couldn't find file 'sacrum.vtp'.
[2022-08-31 08:55:21.139] [warning] Couldn't find file 'pelvis.vtp'.
[2022-08-31 08:55:21.139] [warning] Couldn't find file 'l_pelvis.vtp'.
[2022-08-31 08:55:21.139] [warning] Couldn't find file 'femur_r.vtp'.
[2022-08-31 08:55:21.139] [warning] Couldn't find file 'tibia_r.vtp'.
[2022-08-31 08:55:21.139] [warning] Couldn't find file 'fibula_r.vtp'.
[2022-08-31 08:55:21.139] [warning] Couldn't find file 'talus_rv.vtp'.
[2022-08-31 08:55:21.139] [warning] Couldn't find file 'calcaneous_rv.vtp'.
[2022-08-31 08:55:21.139] [warning] Couldn't find file 'model_r_midfoot.stl'.
[2022-08-31 08:55:21.139] [warning] Couldn't find file 'model_r_forefoot.stl'.
[2022-08-31 08:55:21.139] [warning] Couldn't find file 'model_r_toes.stl'.
[2022-08-31 08:55:21.139] [warning] Couldn't find file 'femur_l.vtp'.
[2022-08-31 08:55:21.139] [warning] Couldn't find file 'tibia_l.vtp'.
[2022-08-31 08:55:21.139] [warning] Couldn't find file 'fibula_l.vtp'.
[2022-08-31 08:55:21.140] [warning] Couldn't find file 'talus_lv.vtp'.
[2022-08-31 08:55:21.140] [warning] Couldn't find file 'calcaneous_lv.vtp'.
[2022-08-31 08:55:21.140] [warning] Couldn't find file 'model_l_midfoot.stl'.
[2022-08-31 08:55:21.140] [warning] Couldn't find file 'model_l_forefoot.stl'.
[2022-08-31 08:55:21.140] [warning] Couldn't find file 'model_l_toes.stl'.
[2022-08-31 08:55:21.140] [warning] Couldn't find file 'hat_spine.vtp'.
[2022-08-31 08:55:21.140] [warning] Couldn't find file 'hat_jaw.vtp'.
[2022-08-31 08:55:21.140] [warning] Couldn't find file 'hat_skull.vtp'.
[2022-08-31 08:55:21.140] [warning] Couldn't find file 'hat_ribs_scap.vtp'.
[2022-08-31 08:55:21.140] [warning] Couldn't find file 'humerus_rv.vtp'.
[2022-08-31 08:55:21.140] [warning] Couldn't find file 'ulna_rv.vtp'.
[2022-08-31 08:55:21.140] [warning] Couldn't find file 'radius_rv.vtp'.
[2022-08-31 08:55:21.140] [warning] Couldn't find file 'pisiform_rvs.vtp'.
[2022-08-31 08:55:21.140] [warning] Couldn't find file 'lunate_rvs.vtp'.
[2022-08-31 08:55:21.140] [warning] Couldn't find file 'scaphoid_rvs.vtp'.
[2022-08-31 08:55:21.140] [warning] Couldn't find file 'triquetrum_rvs.vtp'.
[2022-08-31 08:55:21.140] [warning] Couldn't find file 'hamate_rvs.vtp'.
[2022-08-31 08:55:21.141] [warning] Couldn't find file 'capitate_rvs.vtp'.
[2022-08-31 08:55:21.141] [warning] Couldn't find file 'trapezoid_rvs.vtp'.
[2022-08-31 08:55:21.141] [warning] Couldn't find file 'trapezium_rvs.vtp'.
[2022-08-31 08:55:21.141] [warning] Couldn't find file 'metacarpal2_rvs.vtp'.
[2022-08-31 08:55:21.141] [warning] Couldn't find file 'index_proximal_rvs.vtp'.
[2022-08-31 08:55:21.141] [warning] Couldn't find file 'index_medial_rvs.vtp'.
[2022-08-31 08:55:21.141] [warning] Couldn't find file 'index_distal_rvs.vtp'.
[2022-08-31 08:55:21.141] [warning] Couldn't find file 'metacarpal3_rvs.vtp'.
[2022-08-31 08:55:21.141] [warning] Couldn't find file 'middle_proximal_rvs.vtp'.
[2022-08-31 08:55:21.141] [warning] Couldn't find file 'middle_medial_rvs.vtp'.
[2022-08-31 08:55:21.141] [warning] Couldn't find file 'middle_distal_rvs.vtp'.
[2022-08-31 08:55:21.141] [warning] Couldn't find file 'metacarpal4_rvs.vtp'.
[2022-08-31 08:55:21.141] [warning] Couldn't find file 'ring_proximal_rvs.vtp'.
[2022-08-31 08:55:21.141] [warning] Couldn't find file 'ring_medial_rvs.vtp'.
[2022-08-31 08:55:21.141] [warning] Couldn't find file 'ring_distal_rvs.vtp'.
[2022-08-31 08:55:21.141] [warning] Couldn't find file 'metacarpal5_rvs.vtp'.
[2022-08-31 08:55:21.141] [warning] Couldn't find file 'little_proximal_rvs.vtp'.
[2022-08-31 08:55:21.141] [warning] Couldn't find file 'little_medial_rvs.vtp'.
[2022-08-31 08:55:21.141] [warning] Couldn't find file 'little_distal_rvs.vtp'.
[2022-08-31 08:55:21.142] [warning] Couldn't find file 'metacarpal1_rvs.vtp'.
[2022-08-31 08:55:21.142] [warning] Couldn't find file 'thumb_proximal_rvs.vtp'.
[2022-08-31 08:55:21.142] [warning] Couldn't find file 'thumb_distal_rvs.vtp'.
[2022-08-31 08:55:21.142] [warning] Couldn't find file 'humerus_lv.vtp'.
[2022-08-31 08:55:21.142] [warning] Couldn't find file 'ulna_lv.vtp'.
[2022-08-31 08:55:21.142] [warning] Couldn't find file 'radius_lv.vtp'.
[2022-08-31 08:55:21.142] [warning] Couldn't find file 'pisiform_lvs.vtp'.
[2022-08-31 08:55:21.142] [warning] Couldn't find file 'lunate_lvs.vtp'.
[2022-08-31 08:55:21.142] [warning] Couldn't find file 'scaphoid_lvs.vtp'.
[2022-08-31 08:55:21.142] [warning] Couldn't find file 'triquetrum_lvs.vtp'.
[2022-08-31 08:55:21.142] [warning] Couldn't find file 'hamate_lvs.vtp'.
[2022-08-31 08:55:21.142] [warning] Couldn't find file 'capitate_lvs.vtp'.
[2022-08-31 08:55:21.142] [warning] Couldn't find file 'trapezoid_lvs.vtp'.
[2022-08-31 08:55:21.142] [warning] Couldn't find file 'trapezium_lvs.vtp'.
[2022-08-31 08:55:21.142] [warning] Couldn't find file 'metacarpal2_lvs.vtp'.
[2022-08-31 08:55:21.142] [warning] Couldn't find file 'index_proximal_lvs.vtp'.
[2022-08-31 08:55:21.142] [warning] Couldn't find file 'index_medial_lvs.vtp'.
[2022-08-31 08:55:21.142] [warning] Couldn't find file 'index_distal_lvs.vtp'.
[2022-08-31 08:55:21.142] [warning] Couldn't find file 'metacarpal3_lvs.vtp'.
[2022-08-31 08:55:21.143] [warning] Couldn't find file 'middle_proximal_lvs.vtp'.
[2022-08-31 08:55:21.143] [warning] Couldn't find file 'middle_medial_lvs.vtp'.
[2022-08-31 08:55:21.143] [warning] Couldn't find file 'middle_distal_lvs.vtp'.
[2022-08-31 08:55:21.143] [warning] Couldn't find file 'metacarpal4_lvs.vtp'.
[2022-08-31 08:55:21.143] [warning] Couldn't find file 'ring_proximal_lvs.vtp'.
[2022-08-31 08:55:21.143] [warning] Couldn't find file 'ring_medial_lvs.vtp'.
[2022-08-31 08:55:21.143] [warning] Couldn't find file 'ring_distal_lvs.vtp'.
[2022-08-31 08:55:21.143] [warning] Couldn't find file 'metacarpal5_lvs.vtp'.
[2022-08-31 08:55:21.143] [warning] Couldn't find file 'little_proximal_lvs.vtp'.
[2022-08-31 08:55:21.143] [warning] Couldn't find file 'little_medial_lvs.vtp'.
[2022-08-31 08:55:21.143] [warning] Couldn't find file 'little_distal_lvs.vtp'.
[2022-08-31 08:55:21.143] [warning] Couldn't find file 'metacarpal1_lvs.vtp'.
[2022-08-31 08:55:21.143] [warning] Couldn't find file 'thumb_proximal_lvs.vtp'.
[2022-08-31 08:55:21.143] [warning] Couldn't find file 'thumb_distal_lvs.vtp'.
[2022-08-31 09:10:04.272] [info] Loaded model Fal_s1_mtp_sc_MTc5_cspx10_oy1 from file C:\Users\u0150099\Documents\master_thesis\3dpredictsim\OpenSimModel\subject1\Fal_s1_mtp_FK_sc_MTc5_cg0.osim
[2022-08-31 09:10:04.272] [warning] Couldn't find file 'sacrum.vtp'.
[2022-08-31 09:10:04.272] [warning] Couldn't find file 'pelvis.vtp'.
[2022-08-31 09:10:04.272] [warning] Couldn't find file 'l_pelvis.vtp'.
[2022-08-31 09:10:04.272] [warning] Couldn't find file 'femur_r.vtp'.
[2022-08-31 09:10:04.272] [warning] Couldn't find file 'tibia_r.vtp'.
[2022-08-31 09:10:04.272] [warning] Couldn't find file 'fibula_r.vtp'.
[2022-08-31 09:10:04.273] [warning] Couldn't find file 'talus_rv.vtp'.
[2022-08-31 09:10:04.273] [warning] Couldn't find file 'calcaneous_rv.vtp'.
[2022-08-31 09:10:04.273] [warning] Couldn't find file 'model_r_midfoot.stl'.
[2022-08-31 09:10:04.273] [warning] Couldn't find file 'model_r_forefoot.stl'.
[2022-08-31 09:10:04.273] [warning] Couldn't find file 'model_r_toes.stl'.
[2022-08-31 09:10:04.273] [warning] Couldn't find file 'femur_l.vtp'.
[2022-08-31 09:10:04.273] [warning] Couldn't find file 'tibia_l.vtp'.
[2022-08-31 09:10:04.273] [warning] Couldn't find file 'fibula_l.vtp'.
[2022-08-31 09:10:04.273] [warning] Couldn't find file 'talus_lv.vtp'.
[2022-08-31 09:10:04.273] [warning] Couldn't find file 'calcaneous_lv.vtp'.
[2022-08-31 09:10:04.273] [warning] Couldn't find file 'model_l_midfoot.stl'.
[2022-08-31 09:10:04.273] [warning] Couldn't find file 'model_l_forefoot.stl'.
[2022-08-31 09:10:04.273] [warning] Couldn't find file 'model_l_toes.stl'.
[2022-08-31 09:10:04.273] [warning] Couldn't find file 'hat_spine.vtp'.
[2022-08-31 09:10:04.273] [warning] Couldn't find file 'hat_jaw.vtp'.
[2022-08-31 09:10:04.273] [warning] Couldn't find file 'hat_skull.vtp'.
[2022-08-31 09:10:04.273] [warning] Couldn't find file 'hat_ribs_scap.vtp'.
[2022-08-31 09:10:04.274] [warning] Couldn't find file 'humerus_rv.vtp'.
[2022-08-31 09:10:04.274] [warning] Couldn't find file 'ulna_rv.vtp'.
[2022-08-31 09:10:04.274] [warning] Couldn't find file 'radius_rv.vtp'.
[2022-08-31 09:10:04.274] [warning] Couldn't find file 'pisiform_rvs.vtp'.
[2022-08-31 09:10:04.274] [warning] Couldn't find file 'lunate_rvs.vtp'.
[2022-08-31 09:10:04.274] [warning] Couldn't find file 'scaphoid_rvs.vtp'.
[2022-08-31 09:10:04.274] [warning] Couldn't find file 'triquetrum_rvs.vtp'.
[2022-08-31 09:10:04.274] [warning] Couldn't find file 'hamate_rvs.vtp'.
[2022-08-31 09:10:04.274] [warning] Couldn't find file 'capitate_rvs.vtp'.
[2022-08-31 09:10:04.274] [warning] Couldn't find file 'trapezoid_rvs.vtp'.
[2022-08-31 09:10:04.274] [warning] Couldn't find file 'trapezium_rvs.vtp'.
[2022-08-31 09:10:04.274] [warning] Couldn't find file 'metacarpal2_rvs.vtp'.
[2022-08-31 09:10:04.274] [warning] Couldn't find file 'index_proximal_rvs.vtp'.
[2022-08-31 09:10:04.274] [warning] Couldn't find file 'index_medial_rvs.vtp'.
[2022-08-31 09:10:04.274] [warning] Couldn't find file 'index_distal_rvs.vtp'.
[2022-08-31 09:10:04.274] [warning] Couldn't find file 'metacarpal3_rvs.vtp'.
[2022-08-31 09:10:04.274] [warning] Couldn't find file 'middle_proximal_rvs.vtp'.
[2022-08-31 09:10:04.275] [warning] Couldn't find file 'middle_medial_rvs.vtp'.
[2022-08-31 09:10:04.275] [warning] Couldn't find file 'middle_distal_rvs.vtp'.
[2022-08-31 09:10:04.275] [warning] Couldn't find file 'metacarpal4_rvs.vtp'.
[2022-08-31 09:10:04.275] [warning] Couldn't find file 'ring_proximal_rvs.vtp'.
[2022-08-31 09:10:04.275] [warning] Couldn't find file 'ring_medial_rvs.vtp'.
[2022-08-31 09:10:04.275] [warning] Couldn't find file 'ring_distal_rvs.vtp'.
[2022-08-31 09:10:04.275] [warning] Couldn't find file 'metacarpal5_rvs.vtp'.
[2022-08-31 09:10:04.275] [warning] Couldn't find file 'little_proximal_rvs.vtp'.
[2022-08-31 09:10:04.275] [warning] Couldn't find file 'little_medial_rvs.vtp'.
[2022-08-31 09:10:04.275] [warning] Couldn't find file 'little_distal_rvs.vtp'.
[2022-08-31 09:10:04.275] [warning] Couldn't find file 'metacarpal1_rvs.vtp'.
[2022-08-31 09:10:04.275] [warning] Couldn't find file 'thumb_proximal_rvs.vtp'.
[2022-08-31 09:10:04.275] [warning] Couldn't find file 'thumb_distal_rvs.vtp'.
[2022-08-31 09:10:04.275] [warning] Couldn't find file 'humerus_lv.vtp'.
[2022-08-31 09:10:04.275] [warning] Couldn't find file 'ulna_lv.vtp'.
[2022-08-31 09:10:04.275] [warning] Couldn't find file 'radius_lv.vtp'.
[2022-08-31 09:10:04.275] [warning] Couldn't find file 'pisiform_lvs.vtp'.
[2022-08-31 09:10:04.275] [warning] Couldn't find file 'lunate_lvs.vtp'.
[2022-08-31 09:10:04.276] [warning] Couldn't find file 'scaphoid_lvs.vtp'.
[2022-08-31 09:10:04.276] [warning] Couldn't find file 'triquetrum_lvs.vtp'.
[2022-08-31 09:10:04.276] [warning] Couldn't find file 'hamate_lvs.vtp'.
[2022-08-31 09:10:04.276] [warning] Couldn't find file 'capitate_lvs.vtp'.
[2022-08-31 09:10:04.276] [warning] Couldn't find file 'trapezoid_lvs.vtp'.
[2022-08-31 09:10:04.276] [warning] Couldn't find file 'trapezium_lvs.vtp'.
[2022-08-31 09:10:04.276] [warning] Couldn't find file 'metacarpal2_lvs.vtp'.
[2022-08-31 09:10:04.276] [warning] Couldn't find file 'index_proximal_lvs.vtp'.
[2022-08-31 09:10:04.276] [warning] Couldn't find file 'index_medial_lvs.vtp'.
[2022-08-31 09:10:04.276] [warning] Couldn't find file 'index_distal_lvs.vtp'.
[2022-08-31 09:10:04.276] [warning] Couldn't find file 'metacarpal3_lvs.vtp'.
[2022-08-31 09:10:04.276] [warning] Couldn't find file 'middle_proximal_lvs.vtp'.
[2022-08-31 09:10:04.276] [warning] Couldn't find file 'middle_medial_lvs.vtp'.
[2022-08-31 09:10:04.276] [warning] Couldn't find file 'middle_distal_lvs.vtp'.
[2022-08-31 09:10:04.276] [warning] Couldn't find file 'metacarpal4_lvs.vtp'.
[2022-08-31 09:10:04.276] [warning] Couldn't find file 'ring_proximal_lvs.vtp'.
[2022-08-31 09:10:04.276] [warning] Couldn't find file 'ring_medial_lvs.vtp'.
[2022-08-31 09:10:04.276] [warning] Couldn't find file 'ring_distal_lvs.vtp'.
[2022-08-31 09:10:04.276] [warning] Couldn't find file 'metacarpal5_lvs.vtp'.
[2022-08-31 09:10:04.277] [warning] Couldn't find file 'little_proximal_lvs.vtp'.
[2022-08-31 09:10:04.277] [warning] Couldn't find file 'little_medial_lvs.vtp'.
[2022-08-31 09:10:04.277] [warning] Couldn't find file 'little_distal_lvs.vtp'.
[2022-08-31 09:10:04.277] [warning] Couldn't find file 'metacarpal1_lvs.vtp'.
[2022-08-31 09:10:04.277] [warning] Couldn't find file 'thumb_proximal_lvs.vtp'.
[2022-08-31 09:10:04.277] [warning] Couldn't find file 'thumb_distal_lvs.vtp'.
[2022-08-31 09:10:04.364] [info] Loaded model Fal_s1_mtp_sc_MTc5_cspx10_oy1 from file C:\Users\u0150099\Documents\master_thesis\3dpredictsim\OpenSimModel\subject1\Fal_s1_mtp_FK_sc_MTc5_cg0.osim
[2022-08-31 09:10:04.365] [warning] Couldn't find file 'sacrum.vtp'.
[2022-08-31 09:10:04.365] [warning] Couldn't find file 'pelvis.vtp'.
[2022-08-31 09:10:04.365] [warning] Couldn't find file 'l_pelvis.vtp'.
[2022-08-31 09:10:04.365] [warning] Couldn't find file 'femur_r.vtp'.
[2022-08-31 09:10:04.365] [warning] Couldn't find file 'tibia_r.vtp'.
[2022-08-31 09:10:04.365] [warning] Couldn't find file 'fibula_r.vtp'.
[2022-08-31 09:10:04.365] [warning] Couldn't find file 'talus_rv.vtp'.
[2022-08-31 09:10:04.366] [warning] Couldn't find file 'calcaneous_rv.vtp'.
[2022-08-31 09:10:04.366] [warning] Couldn't find file 'model_r_midfoot.stl'.
[2022-08-31 09:10:04.366] [warning] Couldn't find file 'model_r_forefoot.stl'.
[2022-08-31 09:10:04.366] [warning] Couldn't find file 'model_r_toes.stl'.
[2022-08-31 09:10:04.366] [warning] Couldn't find file 'femur_l.vtp'.
[2022-08-31 09:10:04.366] [warning] Couldn't find file 'tibia_l.vtp'.
[2022-08-31 09:10:04.366] [warning] Couldn't find file 'fibula_l.vtp'.
[2022-08-31 09:10:04.366] [warning] Couldn't find file 'talus_lv.vtp'.
[2022-08-31 09:10:04.366] [warning] Couldn't find file 'calcaneous_lv.vtp'.
[2022-08-31 09:10:04.366] [warning] Couldn't find file 'model_l_midfoot.stl'.
[2022-08-31 09:10:04.366] [warning] Couldn't find file 'model_l_forefoot.stl'.
[2022-08-31 09:10:04.366] [warning] Couldn't find file 'model_l_toes.stl'.
[2022-08-31 09:10:04.366] [warning] Couldn't find file 'hat_spine.vtp'.
[2022-08-31 09:10:04.366] [warning] Couldn't find file 'hat_jaw.vtp'.
[2022-08-31 09:10:04.366] [warning] Couldn't find file 'hat_skull.vtp'.
[2022-08-31 09:10:04.366] [warning] Couldn't find file 'hat_ribs_scap.vtp'.
[2022-08-31 09:10:04.367] [warning] Couldn't find file 'humerus_rv.vtp'.
[2022-08-31 09:10:04.367] [warning] Couldn't find file 'ulna_rv.vtp'.
[2022-08-31 09:10:04.367] [warning] Couldn't find file 'radius_rv.vtp'.
[2022-08-31 09:10:04.367] [warning] Couldn't find file 'pisiform_rvs.vtp'.
[2022-08-31 09:10:04.367] [warning] Couldn't find file 'lunate_rvs.vtp'.
[2022-08-31 09:10:04.367] [warning] Couldn't find file 'scaphoid_rvs.vtp'.
[2022-08-31 09:10:04.367] [warning] Couldn't find file 'triquetrum_rvs.vtp'.
[2022-08-31 09:10:04.367] [warning] Couldn't find file 'hamate_rvs.vtp'.
[2022-08-31 09:10:04.367] [warning] Couldn't find file 'capitate_rvs.vtp'.
[2022-08-31 09:10:04.367] [warning] Couldn't find file 'trapezoid_rvs.vtp'.
[2022-08-31 09:10:04.367] [warning] Couldn't find file 'trapezium_rvs.vtp'.
[2022-08-31 09:10:04.367] [warning] Couldn't find file 'metacarpal2_rvs.vtp'.
[2022-08-31 09:10:04.367] [warning] Couldn't find file 'index_proximal_rvs.vtp'.
[2022-08-31 09:10:04.367] [warning] Couldn't find file 'index_medial_rvs.vtp'.
[2022-08-31 09:10:04.367] [warning] Couldn't find file 'index_distal_rvs.vtp'.
[2022-08-31 09:10:04.367] [warning] Couldn't find file 'metacarpal3_rvs.vtp'.
[2022-08-31 09:10:04.367] [warning] Couldn't find file 'middle_proximal_rvs.vtp'.
[2022-08-31 09:10:04.368] [warning] Couldn't find file 'middle_medial_rvs.vtp'.
[2022-08-31 09:10:04.368] [warning] Couldn't find file 'middle_distal_rvs.vtp'.
[2022-08-31 09:10:04.368] [warning] Couldn't find file 'metacarpal4_rvs.vtp'.
[2022-08-31 09:10:04.368] [warning] Couldn't find file 'ring_proximal_rvs.vtp'.
[2022-08-31 09:10:04.368] [warning] Couldn't find file 'ring_medial_rvs.vtp'.
[2022-08-31 09:10:04.368] [warning] Couldn't find file 'ring_distal_rvs.vtp'.
[2022-08-31 09:10:04.368] [warning] Couldn't find file 'metacarpal5_rvs.vtp'.
[2022-08-31 09:10:04.368] [warning] Couldn't find file 'little_proximal_rvs.vtp'.
[2022-08-31 09:10:04.368] [warning] Couldn't find file 'little_medial_rvs.vtp'.
[2022-08-31 09:10:04.368] [warning] Couldn't find file 'little_distal_rvs.vtp'.
[2022-08-31 09:10:04.368] [warning] Couldn't find file 'metacarpal1_rvs.vtp'.
[2022-08-31 09:10:04.368] [warning] Couldn't find file 'thumb_proximal_rvs.vtp'.
[2022-08-31 09:10:04.368] [warning] Couldn't find file 'thumb_distal_rvs.vtp'.
[2022-08-31 09:10:04.368] [warning] Couldn't find file 'humerus_lv.vtp'.
[2022-08-31 09:10:04.368] [warning] Couldn't find file 'ulna_lv.vtp'.
[2022-08-31 09:10:04.368] [warning] Couldn't find file 'radius_lv.vtp'.
[2022-08-31 09:10:04.368] [warning] Couldn't find file 'pisiform_lvs.vtp'.
[2022-08-31 09:10:04.368] [warning] Couldn't find file 'lunate_lvs.vtp'.
[2022-08-31 09:10:04.369] [warning] Couldn't find file 'scaphoid_lvs.vtp'.
[2022-08-31 09:10:04.369] [warning] Couldn't find file 'triquetrum_lvs.vtp'.
[2022-08-31 09:10:04.369] [warning] Couldn't find file 'hamate_lvs.vtp'.
[2022-08-31 09:10:04.369] [warning] Couldn't find file 'capitate_lvs.vtp'.
[2022-08-31 09:10:04.369] [warning] Couldn't find file 'trapezoid_lvs.vtp'.
[2022-08-31 09:10:04.369] [warning] Couldn't find file 'trapezium_lvs.vtp'.
[2022-08-31 09:10:04.369] [warning] Couldn't find file 'metacarpal2_lvs.vtp'.
[2022-08-31 09:10:04.369] [warning] Couldn't find file 'index_proximal_lvs.vtp'.
[2022-08-31 09:10:04.369] [warning] Couldn't find file 'index_medial_lvs.vtp'.
[2022-08-31 09:10:04.369] [warning] Couldn't find file 'index_distal_lvs.vtp'.
[2022-08-31 09:10:04.369] [warning] Couldn't find file 'metacarpal3_lvs.vtp'.
[2022-08-31 09:10:04.369] [warning] Couldn't find file 'middle_proximal_lvs.vtp'.
[2022-08-31 09:10:04.369] [warning] Couldn't find file 'middle_medial_lvs.vtp'.
[2022-08-31 09:10:04.369] [warning] Couldn't find file 'middle_distal_lvs.vtp'.
[2022-08-31 09:10:04.369] [warning] Couldn't find file 'metacarpal4_lvs.vtp'.
[2022-08-31 09:10:04.369] [warning] Couldn't find file 'ring_proximal_lvs.vtp'.
[2022-08-31 09:10:04.369] [warning] Couldn't find file 'ring_medial_lvs.vtp'.
[2022-08-31 09:10:04.370] [warning] Couldn't find file 'ring_distal_lvs.vtp'.
[2022-08-31 09:10:04.370] [warning] Couldn't find file 'metacarpal5_lvs.vtp'.
[2022-08-31 09:10:04.370] [warning] Couldn't find file 'little_proximal_lvs.vtp'.
[2022-08-31 09:10:04.370] [warning] Couldn't find file 'little_medial_lvs.vtp'.
[2022-08-31 09:10:04.370] [warning] Couldn't find file 'little_distal_lvs.vtp'.
[2022-08-31 09:10:04.370] [warning] Couldn't find file 'metacarpal1_lvs.vtp'.
[2022-08-31 09:10:04.370] [warning] Couldn't find file 'thumb_proximal_lvs.vtp'.
[2022-08-31 09:10:04.370] [warning] Couldn't find file 'thumb_distal_lvs.vtp'.
[2022-09-02 09:32:07.648] [info] Loaded model subject1_withMTJ_locked_scaled_default from file C:\Users\u0150099\Documents\master_thesis\3dpredictsim\OpenSimModel\subject1\Fal_s1_mtppin_FK_sd_cg0.osim
[2022-09-02 09:32:07.650] [warning] Couldn't find file 'sacrum.vtp'.
[2022-09-02 09:32:07.650] [warning] Couldn't find file 'pelvis.vtp'.
[2022-09-02 09:32:07.650] [warning] Couldn't find file 'l_pelvis.vtp'.
[2022-09-02 09:32:07.650] [warning] Couldn't find file 'femur_r.vtp'.
[2022-09-02 09:32:07.650] [warning] Couldn't find file 'tibia_r.vtp'.
[2022-09-02 09:32:07.650] [warning] Couldn't find file 'fibula_r.vtp'.
[2022-09-02 09:32:07.650] [warning] Couldn't find file 'talus_rv.vtp'.
[2022-09-02 09:32:07.650] [warning] Couldn't find file 'calcaneous_rv.vtp'.
[2022-09-02 09:32:07.650] [warning] Couldn't find file 'model_r_midfoot.stl'.
[2022-09-02 09:32:07.650] [warning] Couldn't find file 'model_r_forefoot.stl'.
[2022-09-02 09:32:07.650] [warning] Couldn't find file 'model_r_toes.stl'.
[2022-09-02 09:32:07.650] [warning] Couldn't find file 'femur_l.vtp'.
[2022-09-02 09:32:07.650] [warning] Couldn't find file 'tibia_l.vtp'.
[2022-09-02 09:32:07.651] [warning] Couldn't find file 'fibula_l.vtp'.
[2022-09-02 09:32:07.651] [warning] Couldn't find file 'talus_lv.vtp'.
[2022-09-02 09:32:07.651] [warning] Couldn't find file 'calcaneous_lv.vtp'.
[2022-09-02 09:32:07.651] [warning] Couldn't find file 'model_l_midfoot.stl'.
[2022-09-02 09:32:07.651] [warning] Couldn't find file 'model_l_forefoot.stl'.
[2022-09-02 09:32:07.651] [warning] Couldn't find file 'model_l_toes.stl'.
[2022-09-02 09:32:07.651] [warning] Couldn't find file 'hat_spine.vtp'.
[2022-09-02 09:32:07.651] [warning] Couldn't find file 'hat_jaw.vtp'.
[2022-09-02 09:32:07.651] [warning] Couldn't find file 'hat_skull.vtp'.
[2022-09-02 09:32:07.651] [warning] Couldn't find file 'hat_ribs_scap.vtp'.
[2022-09-02 09:32:07.651] [warning] Couldn't find file 'humerus_rv.vtp'.
[2022-09-02 09:32:07.651] [warning] Couldn't find file 'ulna_rv.vtp'.
[2022-09-02 09:32:07.651] [warning] Couldn't find file 'radius_rv.vtp'.
[2022-09-02 09:32:07.651] [warning] Couldn't find file 'pisiform_rvs.vtp'.
[2022-09-02 09:32:07.651] [warning] Couldn't find file 'lunate_rvs.vtp'.
[2022-09-02 09:32:07.651] [warning] Couldn't find file 'scaphoid_rvs.vtp'.
[2022-09-02 09:32:07.651] [warning] Couldn't find file 'triquetrum_rvs.vtp'.
[2022-09-02 09:32:07.652] [warning] Couldn't find file 'hamate_rvs.vtp'.
[2022-09-02 09:32:07.652] [warning] Couldn't find file 'capitate_rvs.vtp'.
[2022-09-02 09:32:07.652] [warning] Couldn't find file 'trapezoid_rvs.vtp'.
[2022-09-02 09:32:07.652] [warning] Couldn't find file 'trapezium_rvs.vtp'.
[2022-09-02 09:32:07.652] [warning] Couldn't find file 'metacarpal2_rvs.vtp'.
[2022-09-02 09:32:07.652] [warning] Couldn't find file 'index_proximal_rvs.vtp'.
[2022-09-02 09:32:07.652] [warning] Couldn't find file 'index_medial_rvs.vtp'.
[2022-09-02 09:32:07.652] [warning] Couldn't find file 'index_distal_rvs.vtp'.
[2022-09-02 09:32:07.652] [warning] Couldn't find file 'metacarpal3_rvs.vtp'.
[2022-09-02 09:32:07.652] [warning] Couldn't find file 'middle_proximal_rvs.vtp'.
[2022-09-02 09:32:07.652] [warning] Couldn't find file 'middle_medial_rvs.vtp'.
[2022-09-02 09:32:07.652] [warning] Couldn't find file 'middle_distal_rvs.vtp'.
[2022-09-02 09:32:07.652] [warning] Couldn't find file 'metacarpal4_rvs.vtp'.
[2022-09-02 09:32:07.652] [warning] Couldn't find file 'ring_proximal_rvs.vtp'.
[2022-09-02 09:32:07.652] [warning] Couldn't find file 'ring_medial_rvs.vtp'.
[2022-09-02 09:32:07.652] [warning] Couldn't find file 'ring_distal_rvs.vtp'.
[2022-09-02 09:32:07.652] [warning] Couldn't find file 'metacarpal5_rvs.vtp'.
[2022-09-02 09:32:07.652] [warning] Couldn't find file 'little_proximal_rvs.vtp'.
[2022-09-02 09:32:07.652] [warning] Couldn't find file 'little_medial_rvs.vtp'.
[2022-09-02 09:32:07.653] [warning] Couldn't find file 'little_distal_rvs.vtp'.
[2022-09-02 09:32:07.653] [warning] Couldn't find file 'metacarpal1_rvs.vtp'.
[2022-09-02 09:32:07.653] [warning] Couldn't find file 'thumb_proximal_rvs.vtp'.
[2022-09-02 09:32:07.653] [warning] Couldn't find file 'thumb_distal_rvs.vtp'.
[2022-09-02 09:32:07.653] [warning] Couldn't find file 'humerus_lv.vtp'.
[2022-09-02 09:32:07.653] [warning] Couldn't find file 'ulna_lv.vtp'.
[2022-09-02 09:32:07.653] [warning] Couldn't find file 'radius_lv.vtp'.
[2022-09-02 09:32:07.653] [warning] Couldn't find file 'pisiform_lvs.vtp'.
[2022-09-02 09:32:07.653] [warning] Couldn't find file 'lunate_lvs.vtp'.
[2022-09-02 09:32:07.653] [warning] Couldn't find file 'scaphoid_lvs.vtp'.
[2022-09-02 09:32:07.653] [warning] Couldn't find file 'triquetrum_lvs.vtp'.
[2022-09-02 09:32:07.653] [warning] Couldn't find file 'hamate_lvs.vtp'.
[2022-09-02 09:32:07.653] [warning] Couldn't find file 'capitate_lvs.vtp'.
[2022-09-02 09:32:07.653] [warning] Couldn't find file 'trapezoid_lvs.vtp'.
[2022-09-02 09:32:07.653] [warning] Couldn't find file 'trapezium_lvs.vtp'.
[2022-09-02 09:32:07.653] [warning] Couldn't find file 'metacarpal2_lvs.vtp'.
[2022-09-02 09:32:07.653] [warning] Couldn't find file 'index_proximal_lvs.vtp'.
[2022-09-02 09:32:07.653] [warning] Couldn't find file 'index_medial_lvs.vtp'.
[2022-09-02 09:32:07.654] [warning] Couldn't find file 'index_distal_lvs.vtp'.
[2022-09-02 09:32:07.654] [warning] Couldn't find file 'metacarpal3_lvs.vtp'.
[2022-09-02 09:32:07.654] [warning] Couldn't find file 'middle_proximal_lvs.vtp'.
[2022-09-02 09:32:07.654] [warning] Couldn't find file 'middle_medial_lvs.vtp'.
[2022-09-02 09:32:07.654] [warning] Couldn't find file 'middle_distal_lvs.vtp'.
[2022-09-02 09:32:07.654] [warning] Couldn't find file 'metacarpal4_lvs.vtp'.
[2022-09-02 09:32:07.654] [warning] Couldn't find file 'ring_proximal_lvs.vtp'.
[2022-09-02 09:32:07.654] [warning] Couldn't find file 'ring_medial_lvs.vtp'.
[2022-09-02 09:32:07.654] [warning] Couldn't find file 'ring_distal_lvs.vtp'.
[2022-09-02 09:32:07.654] [warning] Couldn't find file 'metacarpal5_lvs.vtp'.
[2022-09-02 09:32:07.654] [warning] Couldn't find file 'little_proximal_lvs.vtp'.
[2022-09-02 09:32:07.654] [warning] Couldn't find file 'little_medial_lvs.vtp'.
[2022-09-02 09:32:07.654] [warning] Couldn't find file 'little_distal_lvs.vtp'.
[2022-09-02 09:32:07.654] [warning] Couldn't find file 'metacarpal1_lvs.vtp'.
[2022-09-02 09:32:07.654] [warning] Couldn't find file 'thumb_proximal_lvs.vtp'.
[2022-09-02 09:32:07.654] [warning] Couldn't find file 'thumb_distal_lvs.vtp'.
[2022-09-02 09:32:07.788] [info] Loaded model subject1_withMTJ_locked_scaled_default from file C:\Users\u0150099\Documents\master_thesis\3dpredictsim\OpenSimModel\subject1\Fal_s1_mtppin_FK_sd_cg0.osim
[2022-09-02 09:32:07.788] [warning] Couldn't find file 'sacrum.vtp'.
[2022-09-02 09:32:07.788] [warning] Couldn't find file 'pelvis.vtp'.
[2022-09-02 09:32:07.788] [warning] Couldn't find file 'l_pelvis.vtp'.
[2022-09-02 09:32:07.788] [warning] Couldn't find file 'femur_r.vtp'.
[2022-09-02 09:32:07.788] [warning] Couldn't find file 'tibia_r.vtp'.
[2022-09-02 09:32:07.788] [warning] Couldn't find file 'fibula_r.vtp'.
[2022-09-02 09:32:07.788] [warning] Couldn't find file 'talus_rv.vtp'.
[2022-09-02 09:32:07.788] [warning] Couldn't find file 'calcaneous_rv.vtp'.
[2022-09-02 09:32:07.789] [warning] Couldn't find file 'model_r_midfoot.stl'.
[2022-09-02 09:32:07.789] [warning] Couldn't find file 'model_r_forefoot.stl'.
[2022-09-02 09:32:07.789] [warning] Couldn't find file 'model_r_toes.stl'.
[2022-09-02 09:32:07.789] [warning] Couldn't find file 'femur_l.vtp'.
[2022-09-02 09:32:07.789] [warning] Couldn't find file 'tibia_l.vtp'.
[2022-09-02 09:32:07.789] [warning] Couldn't find file 'fibula_l.vtp'.
[2022-09-02 09:32:07.789] [warning] Couldn't find file 'talus_lv.vtp'.
[2022-09-02 09:32:07.789] [warning] Couldn't find file 'calcaneous_lv.vtp'.
[2022-09-02 09:32:07.789] [warning] Couldn't find file 'model_l_midfoot.stl'.
[2022-09-02 09:32:07.789] [warning] Couldn't find file 'model_l_forefoot.stl'.
[2022-09-02 09:32:07.789] [warning] Couldn't find file 'model_l_toes.stl'.
[2022-09-02 09:32:07.789] [warning] Couldn't find file 'hat_spine.vtp'.
[2022-09-02 09:32:07.789] [warning] Couldn't find file 'hat_jaw.vtp'.
[2022-09-02 09:32:07.789] [warning] Couldn't find file 'hat_skull.vtp'.
[2022-09-02 09:32:07.789] [warning] Couldn't find file 'hat_ribs_scap.vtp'.
[2022-09-02 09:32:07.789] [warning] Couldn't find file 'humerus_rv.vtp'.
[2022-09-02 09:32:07.789] [warning] Couldn't find file 'ulna_rv.vtp'.
[2022-09-02 09:32:07.790] [warning] Couldn't find file 'radius_rv.vtp'.
[2022-09-02 09:32:07.790] [warning] Couldn't find file 'pisiform_rvs.vtp'.
[2022-09-02 09:32:07.790] [warning] Couldn't find file 'lunate_rvs.vtp'.
[2022-09-02 09:32:07.790] [warning] Couldn't find file 'scaphoid_rvs.vtp'.
[2022-09-02 09:32:07.790] [warning] Couldn't find file 'triquetrum_rvs.vtp'.
[2022-09-02 09:32:07.790] [warning] Couldn't find file 'hamate_rvs.vtp'.
[2022-09-02 09:32:07.790] [warning] Couldn't find file 'capitate_rvs.vtp'.
[2022-09-02 09:32:07.790] [warning] Couldn't find file 'trapezoid_rvs.vtp'.
[2022-09-02 09:32:07.790] [warning] Couldn't find file 'trapezium_rvs.vtp'.
[2022-09-02 09:32:07.790] [warning] Couldn't find file 'metacarpal2_rvs.vtp'.
[2022-09-02 09:32:07.790] [warning] Couldn't find file 'index_proximal_rvs.vtp'.
[2022-09-02 09:32:07.790] [warning] Couldn't find file 'index_medial_rvs.vtp'.
[2022-09-02 09:32:07.790] [warning] Couldn't find file 'index_distal_rvs.vtp'.
[2022-09-02 09:32:07.790] [warning] Couldn't find file 'metacarpal3_rvs.vtp'.
[2022-09-02 09:32:07.790] [warning] Couldn't find file 'middle_proximal_rvs.vtp'.
[2022-09-02 09:32:07.790] [warning] Couldn't find file 'middle_medial_rvs.vtp'.
[2022-09-02 09:32:07.790] [warning] Couldn't find file 'middle_distal_rvs.vtp'.
[2022-09-02 09:32:07.790] [warning] Couldn't find file 'metacarpal4_rvs.vtp'.
[2022-09-02 09:32:07.790] [warning] Couldn't find file 'ring_proximal_rvs.vtp'.
[2022-09-02 09:32:07.791] [warning] Couldn't find file 'ring_medial_rvs.vtp'.
[2022-09-02 09:32:07.791] [warning] Couldn't find file 'ring_distal_rvs.vtp'.
[2022-09-02 09:32:07.791] [warning] Couldn't find file 'metacarpal5_rvs.vtp'.
[2022-09-02 09:32:07.791] [warning] Couldn't find file 'little_proximal_rvs.vtp'.
[2022-09-02 09:32:07.791] [warning] Couldn't find file 'little_medial_rvs.vtp'.
[2022-09-02 09:32:07.791] [warning] Couldn't find file 'little_distal_rvs.vtp'.
[2022-09-02 09:32:07.791] [warning] Couldn't find file 'metacarpal1_rvs.vtp'.
[2022-09-02 09:32:07.791] [warning] Couldn't find file 'thumb_proximal_rvs.vtp'.
[2022-09-02 09:32:07.791] [warning] Couldn't find file 'thumb_distal_rvs.vtp'.
[2022-09-02 09:32:07.791] [warning] Couldn't find file 'humerus_lv.vtp'.
[2022-09-02 09:32:07.791] [warning] Couldn't find file 'ulna_lv.vtp'.
[2022-09-02 09:32:07.791] [warning] Couldn't find file 'radius_lv.vtp'.
[2022-09-02 09:32:07.791] [warning] Couldn't find file 'pisiform_lvs.vtp'.
[2022-09-02 09:32:07.791] [warning] Couldn't find file 'lunate_lvs.vtp'.
[2022-09-02 09:32:07.791] [warning] Couldn't find file 'scaphoid_lvs.vtp'.
[2022-09-02 09:32:07.791] [warning] Couldn't find file 'triquetrum_lvs.vtp'.
[2022-09-02 09:32:07.791] [warning] Couldn't find file 'hamate_lvs.vtp'.
[2022-09-02 09:32:07.791] [warning] Couldn't find file 'capitate_lvs.vtp'.
[2022-09-02 09:32:07.792] [warning] Couldn't find file 'trapezoid_lvs.vtp'.
[2022-09-02 09:32:07.792] [warning] Couldn't find file 'trapezium_lvs.vtp'.
[2022-09-02 09:32:07.792] [warning] Couldn't find file 'metacarpal2_lvs.vtp'.
[2022-09-02 09:32:07.792] [warning] Couldn't find file 'index_proximal_lvs.vtp'.
[2022-09-02 09:32:07.792] [warning] Couldn't find file 'index_medial_lvs.vtp'.
[2022-09-02 09:32:07.792] [warning] Couldn't find file 'index_distal_lvs.vtp'.
[2022-09-02 09:32:07.792] [warning] Couldn't find file 'metacarpal3_lvs.vtp'.
[2022-09-02 09:32:07.792] [warning] Couldn't find file 'middle_proximal_lvs.vtp'.
[2022-09-02 09:32:07.792] [warning] Couldn't find file 'middle_medial_lvs.vtp'.
[2022-09-02 09:32:07.792] [warning] Couldn't find file 'middle_distal_lvs.vtp'.
[2022-09-02 09:32:07.792] [warning] Couldn't find file 'metacarpal4_lvs.vtp'.
[2022-09-02 09:32:07.792] [warning] Couldn't find file 'ring_proximal_lvs.vtp'.
[2022-09-02 09:32:07.792] [warning] Couldn't find file 'ring_medial_lvs.vtp'.
[2022-09-02 09:32:07.792] [warning] Couldn't find file 'ring_distal_lvs.vtp'.
[2022-09-02 09:32:07.792] [warning] Couldn't find file 'metacarpal5_lvs.vtp'.
[2022-09-02 09:32:07.792] [warning] Couldn't find file 'little_proximal_lvs.vtp'.
[2022-09-02 09:32:07.792] [warning] Couldn't find file 'little_medial_lvs.vtp'.
[2022-09-02 09:32:07.792] [warning] Couldn't find file 'little_distal_lvs.vtp'.
[2022-09-02 09:32:07.792] [warning] Couldn't find file 'metacarpal1_lvs.vtp'.
[2022-09-02 09:32:07.793] [warning] Couldn't find file 'thumb_proximal_lvs.vtp'.
[2022-09-02 09:32:07.793] [warning] Couldn't find file 'thumb_distal_lvs.vtp'.
[2022-09-02 14:38:51.320] [info] Loaded model Falisse_et_al_2022_AdaptedForPredSim from file C:\GBW_MyPrograms\PredSim_test\Subjects\Falisse_et_al_2022\Falisse_et_al_2022.osim
[2022-09-02 14:38:51.321] [warning] Couldn't find file 'sacrum.vtp'.
[2022-09-02 14:38:51.321] [warning] Couldn't find file 'pelvis.vtp'.
[2022-09-02 14:38:51.321] [warning] Couldn't find file 'l_pelvis.vtp'.
[2022-09-02 14:38:51.321] [warning] Couldn't find file 'femur_r.vtp'.
[2022-09-02 14:38:51.321] [warning] Couldn't find file 'tibia_r.vtp'.
[2022-09-02 14:38:51.321] [warning] Couldn't find file 'fibula_r.vtp'.
[2022-09-02 14:38:51.321] [warning] Couldn't find file 'talus_rv.vtp'.
[2022-09-02 14:38:51.321] [warning] Couldn't find file 'foot.vtp'.
[2022-09-02 14:38:51.321] [warning] Couldn't find file 'bofoot.vtp'.
[2022-09-02 14:38:51.321] [warning] Couldn't find file 'femur_l.vtp'.
[2022-09-02 14:38:51.321] [warning] Couldn't find file 'tibia_l.vtp'.
[2022-09-02 14:38:51.321] [warning] Couldn't find file 'fibula_l.vtp'.
[2022-09-02 14:38:51.322] [warning] Couldn't find file 'talus_lv.vtp'.
[2022-09-02 14:38:51.322] [warning] Couldn't find file 'l_foot.vtp'.
[2022-09-02 14:38:51.322] [warning] Couldn't find file 'l_bofoot.vtp'.
[2022-09-02 14:38:51.322] [warning] Couldn't find file 'hat_spine.vtp'.
[2022-09-02 14:38:51.322] [warning] Couldn't find file 'hat_jaw.vtp'.
[2022-09-02 14:38:51.322] [warning] Couldn't find file 'hat_skull.vtp'.
[2022-09-02 14:38:51.322] [warning] Couldn't find file 'hat_ribs_scap.vtp'.
[2022-09-02 14:38:51.322] [warning] Couldn't find file 'humerus_rv.vtp'.
[2022-09-02 14:38:51.322] [warning] Couldn't find file 'ulna_rv.vtp'.
[2022-09-02 14:38:51.322] [warning] Couldn't find file 'radius_rv.vtp'.
[2022-09-02 14:38:51.322] [warning] Couldn't find file 'pisiform_rvs.vtp'.
[2022-09-02 14:38:51.322] [warning] Couldn't find file 'lunate_rvs.vtp'.
[2022-09-02 14:38:51.322] [warning] Couldn't find file 'scaphoid_rvs.vtp'.
[2022-09-02 14:38:51.322] [warning] Couldn't find file 'triquetrum_rvs.vtp'.
[2022-09-02 14:38:51.322] [warning] Couldn't find file 'hamate_rvs.vtp'.
[2022-09-02 14:38:51.323] [warning] Couldn't find file 'capitate_rvs.vtp'.
[2022-09-02 14:38:51.323] [warning] Couldn't find file 'trapezoid_rvs.vtp'.
[2022-09-02 14:38:51.323] [warning] Couldn't find file 'trapezium_rvs.vtp'.
[2022-09-02 14:38:51.323] [warning] Couldn't find file 'metacarpal2_rvs.vtp'.
[2022-09-02 14:38:51.323] [warning] Couldn't find file 'index_proximal_rvs.vtp'.
[2022-09-02 14:38:51.323] [warning] Couldn't find file 'index_medial_rvs.vtp'.
[2022-09-02 14:38:51.323] [warning] Couldn't find file 'index_distal_rvs.vtp'.
[2022-09-02 14:38:51.323] [warning] Couldn't find file 'metacarpal3_rvs.vtp'.
[2022-09-02 14:38:51.323] [warning] Couldn't find file 'middle_proximal_rvs.vtp'.
[2022-09-02 14:38:51.323] [warning] Couldn't find file 'middle_medial_rvs.vtp'.
[2022-09-02 14:38:51.323] [warning] Couldn't find file 'middle_distal_rvs.vtp'.
[2022-09-02 14:38:51.323] [warning] Couldn't find file 'metacarpal4_rvs.vtp'.
[2022-09-02 14:38:51.323] [warning] Couldn't find file 'ring_proximal_rvs.vtp'.
[2022-09-02 14:38:51.323] [warning] Couldn't find file 'ring_medial_rvs.vtp'.
[2022-09-02 14:38:51.323] [warning] Couldn't find file 'ring_distal_rvs.vtp'.
[2022-09-02 14:38:51.323] [warning] Couldn't find file 'metacarpal5_rvs.vtp'.
[2022-09-02 14:38:51.323] [warning] Couldn't find file 'little_proximal_rvs.vtp'.
[2022-09-02 14:38:51.323] [warning] Couldn't find file 'little_medial_rvs.vtp'.
[2022-09-02 14:38:51.324] [warning] Couldn't find file 'little_distal_rvs.vtp'.
[2022-09-02 14:38:51.324] [warning] Couldn't find file 'metacarpal1_rvs.vtp'.
[2022-09-02 14:38:51.324] [warning] Couldn't find file 'thumb_proximal_rvs.vtp'.
[2022-09-02 14:38:51.324] [warning] Couldn't find file 'thumb_distal_rvs.vtp'.
[2022-09-02 14:38:51.324] [warning] Couldn't find file 'humerus_lv.vtp'.
[2022-09-02 14:38:51.324] [warning] Couldn't find file 'ulna_lv.vtp'.
[2022-09-02 14:38:51.324] [warning] Couldn't find file 'radius_lv.vtp'.
[2022-09-02 14:38:51.324] [warning] Couldn't find file 'pisiform_lvs.vtp'.
[2022-09-02 14:38:51.324] [warning] Couldn't find file 'lunate_lvs.vtp'.
[2022-09-02 14:38:51.324] [warning] Couldn't find file 'scaphoid_lvs.vtp'.
[2022-09-02 14:38:51.324] [warning] Couldn't find file 'triquetrum_lvs.vtp'.
[2022-09-02 14:38:51.324] [warning] Couldn't find file 'hamate_lvs.vtp'.
[2022-09-02 14:38:51.324] [warning] Couldn't find file 'capitate_lvs.vtp'.
[2022-09-02 14:38:51.324] [warning] Couldn't find file 'trapezoid_lvs.vtp'.
[2022-09-02 14:38:51.324] [warning] Couldn't find file 'trapezium_lvs.vtp'.
[2022-09-02 14:38:51.324] [warning] Couldn't find file 'metacarpal2_lvs.vtp'.
[2022-09-02 14:38:51.325] [warning] Couldn't find file 'index_proximal_lvs.vtp'.
[2022-09-02 14:38:51.325] [warning] Couldn't find file 'index_medial_lvs.vtp'.
[2022-09-02 14:38:51.325] [warning] Couldn't find file 'index_distal_lvs.vtp'.
[2022-09-02 14:38:51.325] [warning] Couldn't find file 'metacarpal3_lvs.vtp'.
[2022-09-02 14:38:51.325] [warning] Couldn't find file 'middle_proximal_lvs.vtp'.
[2022-09-02 14:38:51.325] [warning] Couldn't find file 'middle_medial_lvs.vtp'.
[2022-09-02 14:38:51.325] [warning] Couldn't find file 'middle_distal_lvs.vtp'.
[2022-09-02 14:38:51.325] [warning] Couldn't find file 'metacarpal4_lvs.vtp'.
[2022-09-02 14:38:51.325] [warning] Couldn't find file 'ring_proximal_lvs.vtp'.
[2022-09-02 14:38:51.325] [warning] Couldn't find file 'ring_medial_lvs.vtp'.
[2022-09-02 14:38:51.325] [warning] Couldn't find file 'ring_distal_lvs.vtp'.
[2022-09-02 14:38:51.325] [warning] Couldn't find file 'metacarpal5_lvs.vtp'.
[2022-09-02 14:38:51.325] [warning] Couldn't find file 'little_proximal_lvs.vtp'.
[2022-09-02 14:38:51.325] [warning] Couldn't find file 'little_medial_lvs.vtp'.
[2022-09-02 14:38:51.325] [warning] Couldn't find file 'little_distal_lvs.vtp'.
[2022-09-02 14:38:51.325] [warning] Couldn't find file 'metacarpal1_lvs.vtp'.
[2022-09-02 14:38:51.325] [warning] Couldn't find file 'thumb_proximal_lvs.vtp'.
[2022-09-02 14:38:51.326] [warning] Couldn't find file 'thumb_distal_lvs.vtp'.
